Archive member included to satisfy reference by file (symbol)

C:/ST/STM32CubeIDE_1.14.1/STM32CubeIDE/plugins/com.st.stm32cube.ide.mcu.externaltools.gnu-tools-for-stm32.11.3.rel1.win32_1.1.100.202309141235/tools/bin/../lib/gcc/arm-none-eabi/11.3.1/../../../../arm-none-eabi/lib/thumb/v7e-m+fp/hard\libc_nano.a(libc_a-exit.o)
                              C:/ST/STM32CubeIDE_1.14.1/STM32CubeIDE/plugins/com.st.stm32cube.ide.mcu.externaltools.gnu-tools-for-stm32.11.3.rel1.win32_1.1.100.202309141235/tools/bin/../lib/gcc/arm-none-eabi/11.3.1/../../../../arm-none-eabi/lib/thumb/v7e-m+fp/hard/crt0.o (exit)
C:/ST/STM32CubeIDE_1.14.1/STM32CubeIDE/plugins/com.st.stm32cube.ide.mcu.externaltools.gnu-tools-for-stm32.11.3.rel1.win32_1.1.100.202309141235/tools/bin/../lib/gcc/arm-none-eabi/11.3.1/../../../../arm-none-eabi/lib/thumb/v7e-m+fp/hard\libc_nano.a(libc_a-findfp.o)
                              C:/ST/STM32CubeIDE_1.14.1/STM32CubeIDE/plugins/com.st.stm32cube.ide.mcu.externaltools.gnu-tools-for-stm32.11.3.rel1.win32_1.1.100.202309141235/tools/bin/../lib/gcc/arm-none-eabi/11.3.1/../../../../arm-none-eabi/lib/thumb/v7e-m+fp/hard\libc_nano.a(libc_a-exit.o) (__stdio_exit_handler)
C:/ST/STM32CubeIDE_1.14.1/STM32CubeIDE/plugins/com.st.stm32cube.ide.mcu.externaltools.gnu-tools-for-stm32.11.3.rel1.win32_1.1.100.202309141235/tools/bin/../lib/gcc/arm-none-eabi/11.3.1/../../../../arm-none-eabi/lib/thumb/v7e-m+fp/hard\libc_nano.a(libc_a-fwalk.o)
                              C:/ST/STM32CubeIDE_1.14.1/STM32CubeIDE/plugins/com.st.stm32cube.ide.mcu.externaltools.gnu-tools-for-stm32.11.3.rel1.win32_1.1.100.202309141235/tools/bin/../lib/gcc/arm-none-eabi/11.3.1/../../../../arm-none-eabi/lib/thumb/v7e-m+fp/hard\libc_nano.a(libc_a-findfp.o) (_fwalk_sglue)
C:/ST/STM32CubeIDE_1.14.1/STM32CubeIDE/plugins/com.st.stm32cube.ide.mcu.externaltools.gnu-tools-for-stm32.11.3.rel1.win32_1.1.100.202309141235/tools/bin/../lib/gcc/arm-none-eabi/11.3.1/../../../../arm-none-eabi/lib/thumb/v7e-m+fp/hard\libc_nano.a(libc_a-stdio.o)
                              C:/ST/STM32CubeIDE_1.14.1/STM32CubeIDE/plugins/com.st.stm32cube.ide.mcu.externaltools.gnu-tools-for-stm32.11.3.rel1.win32_1.1.100.202309141235/tools/bin/../lib/gcc/arm-none-eabi/11.3.1/../../../../arm-none-eabi/lib/thumb/v7e-m+fp/hard\libc_nano.a(libc_a-findfp.o) (__sread)
C:/ST/STM32CubeIDE_1.14.1/STM32CubeIDE/plugins/com.st.stm32cube.ide.mcu.externaltools.gnu-tools-for-stm32.11.3.rel1.win32_1.1.100.202309141235/tools/bin/../lib/gcc/arm-none-eabi/11.3.1/../../../../arm-none-eabi/lib/thumb/v7e-m+fp/hard\libc_nano.a(libc_a-vsnprintf.o)
                              ./Core/myDriver/Src/uart_qrbcom.o (vsnprintf)
C:/ST/STM32CubeIDE_1.14.1/STM32CubeIDE/plugins/com.st.stm32cube.ide.mcu.externaltools.gnu-tools-for-stm32.11.3.rel1.win32_1.1.100.202309141235/tools/bin/../lib/gcc/arm-none-eabi/11.3.1/../../../../arm-none-eabi/lib/thumb/v7e-m+fp/hard\libc_nano.a(libc_a-memset.o)
                              C:/ST/STM32CubeIDE_1.14.1/STM32CubeIDE/plugins/com.st.stm32cube.ide.mcu.externaltools.gnu-tools-for-stm32.11.3.rel1.win32_1.1.100.202309141235/tools/bin/../lib/gcc/arm-none-eabi/11.3.1/../../../../arm-none-eabi/lib/thumb/v7e-m+fp/hard/crt0.o (memset)
C:/ST/STM32CubeIDE_1.14.1/STM32CubeIDE/plugins/com.st.stm32cube.ide.mcu.externaltools.gnu-tools-for-stm32.11.3.rel1.win32_1.1.100.202309141235/tools/bin/../lib/gcc/arm-none-eabi/11.3.1/../../../../arm-none-eabi/lib/thumb/v7e-m+fp/hard\libc_nano.a(libc_a-closer.o)
                              C:/ST/STM32CubeIDE_1.14.1/STM32CubeIDE/plugins/com.st.stm32cube.ide.mcu.externaltools.gnu-tools-for-stm32.11.3.rel1.win32_1.1.100.202309141235/tools/bin/../lib/gcc/arm-none-eabi/11.3.1/../../../../arm-none-eabi/lib/thumb/v7e-m+fp/hard\libc_nano.a(libc_a-stdio.o) (_close_r)
C:/ST/STM32CubeIDE_1.14.1/STM32CubeIDE/plugins/com.st.stm32cube.ide.mcu.externaltools.gnu-tools-for-stm32.11.3.rel1.win32_1.1.100.202309141235/tools/bin/../lib/gcc/arm-none-eabi/11.3.1/../../../../arm-none-eabi/lib/thumb/v7e-m+fp/hard\libc_nano.a(libc_a-reent.o)
                              C:/ST/STM32CubeIDE_1.14.1/STM32CubeIDE/plugins/com.st.stm32cube.ide.mcu.externaltools.gnu-tools-for-stm32.11.3.rel1.win32_1.1.100.202309141235/tools/bin/../lib/gcc/arm-none-eabi/11.3.1/../../../../arm-none-eabi/lib/thumb/v7e-m+fp/hard\libc_nano.a(libc_a-closer.o) (errno)
C:/ST/STM32CubeIDE_1.14.1/STM32CubeIDE/plugins/com.st.stm32cube.ide.mcu.externaltools.gnu-tools-for-stm32.11.3.rel1.win32_1.1.100.202309141235/tools/bin/../lib/gcc/arm-none-eabi/11.3.1/../../../../arm-none-eabi/lib/thumb/v7e-m+fp/hard\libc_nano.a(libc_a-impure.o)
                              C:/ST/STM32CubeIDE_1.14.1/STM32CubeIDE/plugins/com.st.stm32cube.ide.mcu.externaltools.gnu-tools-for-stm32.11.3.rel1.win32_1.1.100.202309141235/tools/bin/../lib/gcc/arm-none-eabi/11.3.1/../../../../arm-none-eabi/lib/thumb/v7e-m+fp/hard\libc_nano.a(libc_a-vsnprintf.o) (_impure_ptr)
[...]
Memory Configuration

Name             Origin             Length             Attributes
CCMRAM           0x0000000010000000 0x0000000000010000 xrw
RAM              0x0000000020000000 0x0000000000030000 xrw
FLASH            0x0000000008000000 0x0000000000200000 xr
*default*        0x0000000000000000 0xffffffffffffffff

Linker script and memory map

LOAD C:/ST/STM32CubeIDE_1.14.1/STM32CubeIDE/plugins/com.st.stm32cube.ide.mcu.externaltools.gnu-tools-for-stm32.11.3.rel1.win32_1.1.100.202309141235/tools/bin/../lib/gcc/arm-none-eabi/11.3.1/thumb/v7e-m+fp/hard/crti.o
LOAD C:/ST/STM32CubeIDE_1.14.1/STM32CubeIDE/plugins/com.st.stm32cube.ide.mcu.externaltools.gnu-tools-for-stm32.11.3.rel1.win32_1.1.100.202309141235/tools/bin/../lib/gcc/arm-none-eabi/11.3.1/thumb/v7e-m+fp/hard/crtbegin.o
LOAD C:/ST/STM32CubeIDE_1.14.1/STM32CubeIDE/plugins/com.st.stm32cube.ide.mcu.externaltools.gnu-tools-for-stm32.11.3.rel1.win32_1.1.100.202309141235/tools/bin/../lib/gcc/arm-none-eabi/11.3.1/../../../../arm-none-eabi/lib/thumb/v7e-m+fp/hard/crt0.o
LOAD ./Core/Src/main.o
LOAD ./Core/Src/stm32f4xx_hal_msp.o
LOAD ./Core/Src/stm32f4xx_it.o
LOAD ./Core/Src/syscalls.o
LOAD ./Core/Src/sysmem.o
LOAD ./Core/Src/system_stm32f4xx.o
LOAD ./Core/Startup/startup_stm32f439zitx.o
LOAD ./Core/myDriver/Src/RingBuffer.o
LOAD ./Core/myDriver/Src/uart_ex.o
LOAD ./Core/myDriver/Src/uart_qrbcom.o
LOAD ./Core/myDriver/Timer_Ex/Src/timer_ex.o
LOAD ./Core/myDriver/modbus_ex/Src/modbus_crc16.o
LOAD ./Core/myDriver/modbus_ex/Src/modbus_ex.o
LOAD ./Drivers/STM32F4xx_HAL_Driver/Src/stm32f4xx_hal.o
LOAD ./Drivers/STM32F4xx_HAL_Driver/Src/stm32f4xx_hal_cortex.o
LOAD ./Drivers/STM32F4xx_HAL_Driver/Src/stm32f4xx_hal_dma.o
LOAD ./Drivers/STM32F4xx_HAL_Driver/Src/stm32f4xx_hal_dma_ex.o
LOAD ./Drivers/STM32F4xx_HAL_Driver/Src/stm32f4xx_hal_eth.o
LOAD ./Drivers/STM32F4xx_HAL_Driver/Src/stm32f4xx_hal_exti.o
LOAD ./Drivers/STM32F4xx_HAL_Driver/Src/stm32f4xx_hal_flash.o
LOAD ./Drivers/STM32F4xx_HAL_Driver/Src/stm32f4xx_hal_flash_ex.o
LOAD ./Drivers/STM32F4xx_HAL_Driver/Src/stm32f4xx_hal_flash_ramfunc.o
LOAD ./Drivers/STM32F4xx_HAL_Driver/Src/stm32f4xx_hal_gpio.o
LOAD ./Drivers/STM32F4xx_HAL_Driver/Src/stm32f4xx_hal_pcd.o
LOAD ./Drivers/STM32F4xx_HAL_Driver/Src/stm32f4xx_hal_pcd_ex.o
LOAD ./Drivers/STM32F4xx_HAL_Driver/Src/stm32f4xx_hal_pwr.o
LOAD ./Drivers/STM32F4xx_HAL_Driver/Src/stm32f4xx_hal_pwr_ex.o
LOAD ./Drivers/STM32F4xx_HAL_Driver/Src/stm32f4xx_hal_rcc.o
LOAD ./Drivers/STM32F4xx_HAL_Driver/Src/stm32f4xx_hal_rcc_ex.o
LOAD ./Drivers/STM32F4xx_HAL_Driver/Src/stm32f4xx_hal_tim.o
LOAD ./Drivers/STM32F4xx_HAL_Driver/Src/stm32f4xx_hal_tim_ex.o
LOAD ./Drivers/STM32F4xx_HAL_Driver/Src/stm32f4xx_hal_uart.o
LOAD ./Drivers/STM32F4xx_HAL_Driver/Src/stm32f4xx_ll_usb.o
START GROUP
LOAD C:/ST/STM32CubeIDE_1.14.1/STM32CubeIDE/plugins/com.st.stm32cube.ide.mcu.externaltools.gnu-tools-for-stm32.11.3.rel1.win32_1.1.100.202309141235/tools/bin/../lib/gcc/arm-none-eabi/11.3.1/../../../../arm-none-eabi/lib/thumb/v7e-m+fp/hard\libc_nano.a
LOAD C:/ST/STM32CubeIDE_1.14.1/STM32CubeIDE/plugins/com.st.stm32cube.ide.mcu.externaltools.gnu-tools-for-stm32.11.3.rel1.win32_1.1.100.202309141235/tools/bin/../lib/gcc/arm-none-eabi/11.3.1/../../../../arm-none-eabi/lib/thumb/v7e-m+fp/hard\libm.a
END GROUP
START GROUP
LOAD C:/ST/STM32CubeIDE_1.14.1/STM32CubeIDE/plugins/com.st.stm32cube.ide.mcu.externaltools.gnu-tools-for-stm32.11.3.rel1.win32_1.1.100.202309141235/tools/bin/../lib/gcc/arm-none-eabi/11.3.1/thumb/v7e-m+fp/hard\libgcc.a
LOAD C:/ST/STM32CubeIDE_1.14.1/STM32CubeIDE/plugins/com.st.stm32cube.ide.mcu.externaltools.gnu-tools-for-stm32.11.3.rel1.win32_1.1.100.202309141235/tools/bin/../lib/gcc/arm-none-eabi/11.3.1/../../../../arm-none-eabi/lib/thumb/v7e-m+fp/hard\libc_nano.a
END GROUP
START GROUP
LOAD C:/ST/STM32CubeIDE_1.14.1/STM32CubeIDE/plugins/com.st.stm32cube.ide.mcu.externaltools.gnu-tools-for-stm32.11.3.rel1.win32_1.1.100.202309141235/tools/bin/../lib/gcc/arm-none-eabi/11.3.1/thumb/v7e-m+fp/hard\libgcc.a
LOAD C:/ST/STM32CubeIDE_1.14.1/STM32CubeIDE/plugins/com.st.stm32cube.ide.mcu.externaltools.gnu-tools-for-stm32.11.3.rel1.win32_1.1.100.202309141235/tools/bin/../lib/gcc/arm-none-eabi/11.3.1/../../../../arm-none-eabi/lib/thumb/v7e-m+fp/hard\libc_nano.a
LOAD C:/ST/STM32CubeIDE_1.14.1/STM32CubeIDE/plugins/com.st.stm32cube.ide.mcu.externaltools.gnu-tools-for-stm32.11.3.rel1.win32_1.1.100.202309141235/tools/bin/../lib/gcc/arm-none-eabi/11.3.1/../../../../arm-none-eabi/lib/thumb/v7e-m+fp/hard\libnosys.a
END GROUP
START GROUP
LOAD C:/ST/STM32CubeIDE_1.14.1/STM32CubeIDE/plugins/com.st.stm32cube.ide.mcu.externaltools.gnu-tools-for-stm32.11.3.rel1.win32_1.1.100.202309141235/tools/bin/../lib/gcc/arm-none-eabi/11.3.1/thumb/v7e-m+fp/hard\libgcc.a
LOAD C:/ST/STM32CubeIDE_1.14.1/STM32CubeIDE/plugins/com.st.stm32cube.ide.mcu.externaltools.gnu-tools-for-stm32.11.3.rel1.win32_1.1.100.202309141235/tools/bin/../lib/gcc/arm-none-eabi/11.3.1/../../../../arm-none-eabi/lib/thumb/v7e-m+fp/hard\libc_nano.a
LOAD C:/ST/STM32CubeIDE_1.14.1/STM32CubeIDE/plugins/com.st.stm32cube.ide.mcu.externaltools.gnu-tools-for-stm32.11.3.rel1.win32_1.1.100.202309141235/tools/bin/../lib/gcc/arm-none-eabi/11.3.1/../../../../arm-none-eabi/lib/thumb/v7e-m+fp/hard\libnosys.a
END GROUP
LOAD C:/ST/STM32CubeIDE_1.14.1/STM32CubeIDE/plugins/com.st.stm32cube.ide.mcu.externaltools.gnu-tools-for-stm32.11.3.rel1.win32_1.1.100.202309141235/tools/bin/../lib/gcc/arm-none-eabi/11.3.1/thumb/v7e-m+fp/hard/crtend.o
LOAD C:/ST/STM32CubeIDE_1.14.1/STM32CubeIDE/plugins/com.st.stm32cube.ide.mcu.externaltools.gnu-tools-for-stm32.11.3.rel1.win32_1.1.100.202309141235/tools/bin/../lib/gcc/arm-none-eabi/11.3.1/thumb/v7e-m+fp/hard/crtn.o
                0x0000000020030000                _estack = (ORIGIN (RAM) + LENGTH (RAM))
                0x0000000000000200                _Min_Heap_Size = 0x200
                0x0000000000000400                _Min_Stack_Size = 0x400

.isr_vector     0x0000000008000000      0x1ac
                0x0000000008000000                . = ALIGN (0x4)
 *(.isr_vector)
 .isr_vector    0x0000000008000000      0x1ac ./Core/Startup/startup_stm32f439zitx.o
                0x0000000008000000                g_pfnVectors
                0x00000000080001ac                . = ALIGN (0x4)

.text           0x00000000080001ac     0x5678
                0x00000000080001ac                . = ALIGN (0x4)
 *(.text)
 .text          0x00000000080001ac       0x40 C:/ST/STM32CubeIDE_1.14.1/STM32CubeIDE/plugins/com.st.stm32cube.ide.mcu.externaltools.gnu-tools-for-stm32.11.3.rel1.win32_1.1.100.202309141235/tools/bin/../lib/gcc/arm-none-eabi/11.3.1/thumb/v7e-m+fp/hard/crtbegin.o
 .text          0x00000000080001ec       0x30 C:/ST/STM32CubeIDE_1.14.1/STM32CubeIDE/plugins/com.st.stm32cube.ide.mcu.externaltools.gnu-tools-for-stm32.11.3.rel1.win32_1.1.100.202309141235/tools/bin/../lib/gcc/arm-none-eabi/11.3.1/thumb/v7e-m+fp/hard\libgcc.a(_aeabi_uldivmod.o)
                0x00000000080001ec                __aeabi_uldivmod
 .text          0x000000000800021c      0x2c8 C:/ST/STM32CubeIDE_1.14.1/STM32CubeIDE/plugins/com.st.stm32cube.ide.mcu.externaltools.gnu-tools-for-stm32.11.3.rel1.win32_1.1.100.202309141235/tools/bin/../lib/gcc/arm-none-eabi/11.3.1/thumb/v7e-m+fp/hard\libgcc.a(_udivmoddi4.o)
                0x000000000800021c                __udivmoddi4
 .text          0x00000000080004e4        0x4 C:/ST/STM32CubeIDE_1.14.1/STM32CubeIDE/plugins/com.st.stm32cube.ide.mcu.externaltools.gnu-tools-for-stm32.11.3.rel1.win32_1.1.100.202309141235/tools/bin/../lib/gcc/arm-none-eabi/11.3.1/thumb/v7e-m+fp/hard\libgcc.a(_dvmd_tls.o)
                0x00000000080004e4                __aeabi_idiv0
                0x00000000080004e4                __aeabi_ldiv0
 *(.text*)
 .text.main     0x00000000080004e8       0x98 ./Core/Src/main.o
                0x00000000080004e8                main
 .text.SystemClock_Config
                0x0000000008000580       0xd4 ./Core/Src/main.o
                0x0000000008000580                SystemClock_Config
 .text.MX_ETH_Init
                0x0000000008000654       0x9c ./Core/Src/main.o
 .text.MX_TIM2_Init
                0x00000000080006f0       0x98 ./Core/Src/main.o
 .text.MX_USART2_UART_Init
                0x0000000008000788       0x54 ./Core/Src/main.o
 .text.MX_USART3_UART_Init
                0x00000000080007dc       0x54 ./Core/Src/main.o
 .text.MX_USB_OTG_FS_PCD_Init
                0x0000000008000830       0x5c ./Core/Src/main.o
 .text.MX_GPIO_Init
                0x000000000800088c      0x184 ./Core/Src/main.o
 .text.Error_Handler
                0x0000000008000a10        0xa ./Core/Src/main.o
                0x0000000008000a10                Error_Handler
 *fill*         0x0000000008000a1a        0x2 
 .text.HAL_MspInit
                0x0000000008000a1c       0x50 ./Core/Src/stm32f4xx_hal_msp.o
                0x0000000008000a1c                HAL_MspInit
 .text.HAL_ETH_MspInit
                0x0000000008000a6c      0x18c ./Core/Src/stm32f4xx_hal_msp.o
                0x0000000008000a6c                HAL_ETH_MspInit
 .text.HAL_TIM_Base_MspInit
                0x0000000008000bf8       0x4c ./Core/Src/stm32f4xx_hal_msp.o
                0x0000000008000bf8                HAL_TIM_Base_MspInit
 .text.HAL_UART_MspInit
                0x0000000008000c44      0x148 ./Core/Src/stm32f4xx_hal_msp.o
                0x0000000008000c44                HAL_UART_MspInit
 .text.HAL_PCD_MspInit
                0x0000000008000d8c       0xb4 ./Core/Src/stm32f4xx_hal_msp.o
                0x0000000008000d8c                HAL_PCD_MspInit
 .text.NMI_Handler
                0x0000000008000e40        0x6 ./Core/Src/stm32f4xx_it.o
                0x0000000008000e40                NMI_Handler
 .text.HardFault_Handler
                0x0000000008000e46        0x6 ./Core/Src/stm32f4xx_it.o
                0x0000000008000e46                HardFault_Handler
 .text.MemManage_Handler
                0x0000000008000e4c        0x6 ./Core/Src/stm32f4xx_it.o
                0x0000000008000e4c                MemManage_Handler
 .text.BusFault_Handler
                0x0000000008000e52        0x6 ./Core/Src/stm32f4xx_it.o
                0x0000000008000e52                BusFault_Handler
 .text.UsageFault_Handler
                0x0000000008000e58        0x6 ./Core/Src/stm32f4xx_it.o
                0x0000000008000e58                UsageFault_Handler
 .text.SVC_Handler
                0x0000000008000e5e        0xe ./Core/Src/stm32f4xx_it.o
                0x0000000008000e5e                SVC_Handler
 .text.DebugMon_Handler
                0x0000000008000e6c        0xe ./Core/Src/stm32f4xx_it.o
                0x0000000008000e6c                DebugMon_Handler
 .text.PendSV_Handler
                0x0000000008000e7a        0xe ./Core/Src/stm32f4xx_it.o
                0x0000000008000e7a                PendSV_Handler
 .text.SysTick_Handler
                0x0000000008000e88        0xc ./Core/Src/stm32f4xx_it.o
                0x0000000008000e88                SysTick_Handler
 .text.TIM2_IRQHandler
                0x0000000008000e94       0x20 ./Core/Src/stm32f4xx_it.o
                0x0000000008000e94                TIM2_IRQHandler
 .text.USART2_IRQHandler
                0x0000000008000eb4       0xc4 ./Core/Src/stm32f4xx_it.o
                0x0000000008000eb4                USART2_IRQHandler
 .text.SystemInit
                0x0000000008000f78       0x24 ./Core/Src/system_stm32f4xx.o
                0x0000000008000f78                SystemInit
 .text.Reset_Handler
                0x0000000008000f9c       0x50 ./Core/Startup/startup_stm32f439zitx.o
                0x0000000008000f9c                Reset_Handler
 .text.Default_Handler
                0x0000000008000fec        0x2 ./Core/Startup/startup_stm32f439zitx.o
                0x0000000008000fec                RTC_Alarm_IRQHandler
                0x0000000008000fec                HASH_RNG_IRQHandler
                0x0000000008000fec                EXTI2_IRQHandler
                0x0000000008000fec                TIM8_CC_IRQHandler
                0x0000000008000fec                UART8_IRQHandler
                0x0000000008000fec                SPI4_IRQHandler
                0x0000000008000fec                TIM1_CC_IRQHandler
                0x0000000008000fec                DMA2_Stream5_IRQHandler
                0x0000000008000fec                DMA1_Stream5_IRQHandler
                0x0000000008000fec                PVD_IRQHandler
                0x0000000008000fec                SDIO_IRQHandler
                0x0000000008000fec                TAMP_STAMP_IRQHandler
                0x0000000008000fec                CAN2_RX1_IRQHandler
                0x0000000008000fec                EXTI3_IRQHandler
                0x0000000008000fec                TIM8_TRG_COM_TIM14_IRQHandler
                0x0000000008000fec                TIM1_UP_TIM10_IRQHandler
                0x0000000008000fec                TIM8_UP_TIM13_IRQHandler
                0x0000000008000fec                I2C3_ER_IRQHandler
                0x0000000008000fec                EXTI0_IRQHandler
                0x0000000008000fec                I2C2_EV_IRQHandler
                0x0000000008000fec                DMA1_Stream2_IRQHandler
                0x0000000008000fec                CAN1_RX0_IRQHandler
                0x0000000008000fec                FPU_IRQHandler
                0x0000000008000fec                OTG_HS_WKUP_IRQHandler
                0x0000000008000fec                LTDC_ER_IRQHandler
                0x0000000008000fec                CAN2_SCE_IRQHandler
                0x0000000008000fec                DMA2_Stream2_IRQHandler
                0x0000000008000fec                SPI1_IRQHandler
                0x0000000008000fec                TIM6_DAC_IRQHandler
                0x0000000008000fec                TIM1_BRK_TIM9_IRQHandler
                0x0000000008000fec                DCMI_IRQHandler
                0x0000000008000fec                CAN2_RX0_IRQHandler
                0x0000000008000fec                DMA2_Stream3_IRQHandler
                0x0000000008000fec                USART6_IRQHandler
                0x0000000008000fec                USART3_IRQHandler
                0x0000000008000fec                CRYP_IRQHandler
                0x0000000008000fec                CAN1_RX1_IRQHandler
                0x0000000008000fec                UART5_IRQHandler
                0x0000000008000fec                DMA2_Stream0_IRQHandler
                0x0000000008000fec                TIM4_IRQHandler
                0x0000000008000fec                I2C1_EV_IRQHandler
                0x0000000008000fec                DMA1_Stream6_IRQHandler
                0x0000000008000fec                DMA1_Stream1_IRQHandler
                0x0000000008000fec                UART4_IRQHandler
                0x0000000008000fec                TIM3_IRQHandler
                0x0000000008000fec                RCC_IRQHandler
                0x0000000008000fec                TIM8_BRK_TIM12_IRQHandler
                0x0000000008000fec                Default_Handler
                0x0000000008000fec                EXTI15_10_IRQHandler
                0x0000000008000fec                ADC_IRQHandler
                0x0000000008000fec                DMA1_Stream7_IRQHandler
                0x0000000008000fec                SPI5_IRQHandler
                0x0000000008000fec                TIM7_IRQHandler
                0x0000000008000fec                CAN2_TX_IRQHandler
                0x0000000008000fec                TIM5_IRQHandler
                0x0000000008000fec                DMA2_Stream7_IRQHandler
                0x0000000008000fec                I2C3_EV_IRQHandler
                0x0000000008000fec                EXTI9_5_IRQHandler
                0x0000000008000fec                RTC_WKUP_IRQHandler
                0x0000000008000fec                LTDC_IRQHandler
                0x0000000008000fec                ETH_WKUP_IRQHandler
                0x0000000008000fec                SPI2_IRQHandler
                0x0000000008000fec                OTG_HS_EP1_IN_IRQHandler
                0x0000000008000fec                DMA1_Stream0_IRQHandler
                0x0000000008000fec                CAN1_TX_IRQHandler
                0x0000000008000fec                EXTI4_IRQHandler
                0x0000000008000fec                ETH_IRQHandler
                0x0000000008000fec                OTG_HS_EP1_OUT_IRQHandler
                0x0000000008000fec                WWDG_IRQHandler
                0x0000000008000fec                SPI6_IRQHandler
                0x0000000008000fec                OTG_FS_WKUP_IRQHandler
                0x0000000008000fec                TIM1_TRG_COM_TIM11_IRQHandler
                0x0000000008000fec                OTG_HS_IRQHandler
                0x0000000008000fec                DMA2D_IRQHandler
                0x0000000008000fec                EXTI1_IRQHandler
                0x0000000008000fec                UART7_IRQHandler
                0x0000000008000fec                I2C2_ER_IRQHandler
                0x0000000008000fec                DMA2_Stream1_IRQHandler
                0x0000000008000fec                CAN1_SCE_IRQHandler
                0x0000000008000fec                FLASH_IRQHandler
                0x0000000008000fec                DMA2_Stream4_IRQHandler
                0x0000000008000fec                USART1_IRQHandler
                0x0000000008000fec                OTG_FS_IRQHandler
                0x0000000008000fec                SPI3_IRQHandler
                0x0000000008000fec                DMA1_Stream4_IRQHandler
                0x0000000008000fec                I2C1_ER_IRQHandler
                0x0000000008000fec                FMC_IRQHandler
                0x0000000008000fec                DMA2_Stream6_IRQHandler
                0x0000000008000fec                SAI1_IRQHandler
                0x0000000008000fec                DMA1_Stream3_IRQHandler
 .text.RingBuffer_Init
                0x0000000008000fee       0x32 ./Core/myDriver/Src/RingBuffer.o
                0x0000000008000fee                RingBuffer_Init
 .text.RingBuffer_Is_Empty
                0x0000000008001020       0x26 ./Core/myDriver/Src/RingBuffer.o
                0x0000000008001020                RingBuffer_Is_Empty
 .text.RingBuffer_Is_Fully
                0x0000000008001046       0x44 ./Core/myDriver/Src/RingBuffer.o
                0x0000000008001046                RingBuffer_Is_Fully
 .text.RingBuffer_Add
                0x000000000800108a       0x5a ./Core/myDriver/Src/RingBuffer.o
                0x000000000800108a                RingBuffer_Add
 .text.RingBuffer_Subtract
                0x00000000080010e4       0x54 ./Core/myDriver/Src/RingBuffer.o
                0x00000000080010e4                RingBuffer_Subtract
 .text.Ring_Buffer_Clear
                0x0000000008001138       0x20 ./Core/myDriver/Src/RingBuffer.o
                0x0000000008001138                Ring_Buffer_Clear
 .text.UARTx_Init
                0x0000000008001158       0x3c ./Core/myDriver/Src/uart_ex.o
                0x0000000008001158                UARTx_Init
 .text.UARTx_CellCommInit
                0x0000000008001194       0x64 ./Core/myDriver/Src/uart_qrbcom.o
                0x0000000008001194                UARTx_CellCommInit
 .text.Tick_Timer_Init
                0x00000000080011f8       0x1a ./Core/myDriver/Timer_Ex/Src/timer_ex.o
                0x00000000080011f8                Tick_Timer_Init
 *fill*         0x0000000008001212        0x2 
 .text.Tick_Timer_Set_Time
                0x0000000008001214       0x30 ./Core/myDriver/Timer_Ex/Src/timer_ex.o
                0x0000000008001214                Tick_Timer_Set_Time
 .text.Tick_Timer_Stop_Time
                0x0000000008001244       0x1a ./Core/myDriver/Timer_Ex/Src/timer_ex.o
                0x0000000008001244                Tick_Timer_Stop_Time
 *fill*         0x000000000800125e        0x2 
 .text.Tick_Timer_Check_Elapsed_Time
                0x0000000008001260       0x68 ./Core/myDriver/Timer_Ex/Src/timer_ex.o
                0x0000000008001260                Tick_Timer_Check_Elapsed_Time
 .text.crc16_calculateWithLookupTable
                0x00000000080012c8       0x68 ./Core/myDriver/modbus_ex/Src/modbus_crc16.o
                0x00000000080012c8                crc16_calculateWithLookupTable
 .text.Modbus_Master_Control
                0x0000000008001330      0xa40 ./Core/myDriver/modbus_ex/Src/modbus_ex.o
                0x0000000008001330                Modbus_Master_Control
 .text.Modbus_Master_Write
                0x0000000008001d70       0x74 ./Core/myDriver/modbus_ex/Src/modbus_ex.o
                0x0000000008001d70                Modbus_Master_Write
 .text.Modbus_Read_Input_Registers
                0x0000000008001de4       0x68 ./Core/myDriver/modbus_ex/Src/modbus_ex.o
                0x0000000008001de4                Modbus_Read_Input_Registers
 .text.areelementsEqual
                0x0000000008001e4c       0x48 ./Core/myDriver/modbus_ex/Src/modbus_ex.o
                0x0000000008001e4c                areelementsEqual
 .text.HAL_Init
                0x0000000008001e94       0x44 ./Drivers/STM32F4xx_HAL_Driver/Src/stm32f4xx_hal.o
                0x0000000008001e94                HAL_Init
 .text.HAL_InitTick
                0x0000000008001ed8       0x60 ./Drivers/STM32F4xx_HAL_Driver/Src/stm32f4xx_hal.o
                0x0000000008001ed8                HAL_InitTick
 .text.HAL_IncTick
                0x0000000008001f38       0x28 ./Drivers/STM32F4xx_HAL_Driver/Src/stm32f4xx_hal.o
                0x0000000008001f38                HAL_IncTick
 .text.HAL_GetTick
                0x0000000008001f60       0x18 ./Drivers/STM32F4xx_HAL_Driver/Src/stm32f4xx_hal.o
                0x0000000008001f60                HAL_GetTick
 .text.HAL_Delay
                0x0000000008001f78       0x48 ./Drivers/STM32F4xx_HAL_Driver/Src/stm32f4xx_hal.o
                0x0000000008001f78                HAL_Delay
 .text.__NVIC_SetPriorityGrouping
                0x0000000008001fc0       0x48 ./Drivers/STM32F4xx_HAL_Driver/Src/stm32f4xx_hal_cortex.o
 .text.__NVIC_GetPriorityGrouping
                0x0000000008002008       0x1c ./Drivers/STM32F4xx_HAL_Driver/Src/stm32f4xx_hal_cortex.o
 .text.__NVIC_EnableIRQ
                0x0000000008002024       0x3c ./Drivers/STM32F4xx_HAL_Driver/Src/stm32f4xx_hal_cortex.o
 .text.__NVIC_SetPriority
                0x0000000008002060       0x54 ./Drivers/STM32F4xx_HAL_Driver/Src/stm32f4xx_hal_cortex.o
 .text.NVIC_EncodePriority
                0x00000000080020b4       0x66 ./Drivers/STM32F4xx_HAL_Driver/Src/stm32f4xx_hal_cortex.o
 *fill*         0x000000000800211a        0x2 
 .text.SysTick_Config
                0x000000000800211c       0x44 ./Drivers/STM32F4xx_HAL_Driver/Src/stm32f4xx_hal_cortex.o
 .text.HAL_NVIC_SetPriorityGrouping
                0x0000000008002160       0x16 ./Drivers/STM32F4xx_HAL_Driver/Src/stm32f4xx_hal_cortex.o
                0x0000000008002160                HAL_NVIC_SetPriorityGrouping
 .text.HAL_NVIC_SetPriority
                0x0000000008002176       0x38 ./Drivers/STM32F4xx_HAL_Driver/Src/stm32f4xx_hal_cortex.o
                0x0000000008002176                HAL_NVIC_SetPriority
 .text.HAL_NVIC_EnableIRQ
                0x00000000080021ae       0x1c ./Drivers/STM32F4xx_HAL_Driver/Src/stm32f4xx_hal_cortex.o
                0x00000000080021ae                HAL_NVIC_EnableIRQ
 .text.HAL_SYSTICK_Config
                0x00000000080021ca       0x18 ./Drivers/STM32F4xx_HAL_Driver/Src/stm32f4xx_hal_cortex.o
                0x00000000080021ca                HAL_SYSTICK_Config
 .text.HAL_DMA_Abort
                0x00000000080021e2       0xe0 ./Drivers/STM32F4xx_HAL_Driver/Src/stm32f4xx_hal_dma.o
                0x00000000080021e2                HAL_DMA_Abort
 .text.HAL_DMA_Abort_IT
                0x00000000080022c2       0x44 ./Drivers/STM32F4xx_HAL_Driver/Src/stm32f4xx_hal_dma.o
                0x00000000080022c2                HAL_DMA_Abort_IT
 *fill*         0x0000000008002306        0x2 
 .text.HAL_ETH_Init
                0x0000000008002308       0xfc ./Drivers/STM32F4xx_HAL_Driver/Src/stm32f4xx_hal_eth.o
                0x0000000008002308                HAL_ETH_Init
 .text.ETH_SetMACConfig
                0x0000000008002404      0x160 ./Drivers/STM32F4xx_HAL_Driver/Src/stm32f4xx_hal_eth.o
 .text.ETH_SetDMAConfig
                0x0000000008002564      0x114 ./Drivers/STM32F4xx_HAL_Driver/Src/stm32f4xx_hal_eth.o
 .text.ETH_MACDMAConfig
                0x0000000008002678       0xe4 ./Drivers/STM32F4xx_HAL_Driver/Src/stm32f4xx_hal_eth.o
 .text.ETH_MACAddressConfig
                0x000000000800275c       0x70 ./Drivers/STM32F4xx_HAL_Driver/Src/stm32f4xx_hal_eth.o
 .text.ETH_DMATxDescListInit
                0x00000000080027cc       0xb2 ./Drivers/STM32F4xx_HAL_Driver/Src/stm32f4xx_hal_eth.o
 .text.ETH_DMARxDescListInit
                0x000000000800287e       0xda ./Drivers/STM32F4xx_HAL_Driver/Src/stm32f4xx_hal_eth.o
 .text.HAL_GPIO_Init
                0x0000000008002958      0x358 ./Drivers/STM32F4xx_HAL_Driver/Src/stm32f4xx_hal_gpio.o
                0x0000000008002958                HAL_GPIO_Init
 .text.HAL_GPIO_ReadPin
                0x0000000008002cb0       0x30 ./Drivers/STM32F4xx_HAL_Driver/Src/stm32f4xx_hal_gpio.o
                0x0000000008002cb0                HAL_GPIO_ReadPin
 .text.HAL_GPIO_WritePin
                0x0000000008002ce0       0x32 ./Drivers/STM32F4xx_HAL_Driver/Src/stm32f4xx_hal_gpio.o
                0x0000000008002ce0                HAL_GPIO_WritePin
 .text.HAL_GPIO_TogglePin
                0x0000000008002d12       0x34 ./Drivers/STM32F4xx_HAL_Driver/Src/stm32f4xx_hal_gpio.o
                0x0000000008002d12                HAL_GPIO_TogglePin
 .text.HAL_PCD_Init
                0x0000000008002d46      0x21e ./Drivers/STM32F4xx_HAL_Driver/Src/stm32f4xx_hal_pcd.o
                0x0000000008002d46                HAL_PCD_Init
 .text.HAL_RCC_OscConfig
                0x0000000008002f64      0x4f0 ./Drivers/STM32F4xx_HAL_Driver/Src/stm32f4xx_hal_rcc.o
                0x0000000008002f64                HAL_RCC_OscConfig
 .text.HAL_RCC_ClockConfig
                0x0000000008003454      0x1cc ./Drivers/STM32F4xx_HAL_Driver/Src/stm32f4xx_hal_rcc.o
                0x0000000008003454                HAL_RCC_ClockConfig
 .text.HAL_RCC_GetSysClockFreq
                0x0000000008003620      0x20c ./Drivers/STM32F4xx_HAL_Driver/Src/stm32f4xx_hal_rcc.o
                0x0000000008003620                HAL_RCC_GetSysClockFreq
 .text.HAL_RCC_GetHCLKFreq
                0x000000000800382c       0x18 ./Drivers/STM32F4xx_HAL_Driver/Src/stm32f4xx_hal_rcc.o
                0x000000000800382c                HAL_RCC_GetHCLKFreq
 .text.HAL_RCC_GetPCLK1Freq
                0x0000000008003844       0x28 ./Drivers/STM32F4xx_HAL_Driver/Src/stm32f4xx_hal_rcc.o
                0x0000000008003844                HAL_RCC_GetPCLK1Freq
 .text.HAL_RCC_GetPCLK2Freq
                0x000000000800386c       0x28 ./Drivers/STM32F4xx_HAL_Driver/Src/stm32f4xx_hal_rcc.o
                0x000000000800386c                HAL_RCC_GetPCLK2Freq
 .text.HAL_TIM_Base_Init
                0x0000000008003894       0x9e ./Drivers/STM32F4xx_HAL_Driver/Src/stm32f4xx_hal_tim.o
                0x0000000008003894                HAL_TIM_Base_Init
 *fill*         0x0000000008003932        0x2 
 .text.HAL_TIM_Base_Start_IT
                0x0000000008003934       0xe0 ./Drivers/STM32F4xx_HAL_Driver/Src/stm32f4xx_hal_tim.o
                0x0000000008003934                HAL_TIM_Base_Start_IT
 .text.HAL_TIM_IRQHandler
                0x0000000008003a14      0x1e0 ./Drivers/STM32F4xx_HAL_Driver/Src/stm32f4xx_hal_tim.o
                0x0000000008003a14                HAL_TIM_IRQHandler
 .text.HAL_TIM_ConfigClockSource
                0x0000000008003bf4      0x18e ./Drivers/STM32F4xx_HAL_Driver/Src/stm32f4xx_hal_tim.o
                0x0000000008003bf4                HAL_TIM_ConfigClockSource
 .text.HAL_TIM_PeriodElapsedCallback
                0x0000000008003d82       0x14 ./Drivers/STM32F4xx_HAL_Driver/Src/stm32f4xx_hal_tim.o
                0x0000000008003d82                HAL_TIM_PeriodElapsedCallback
 .text.HAL_TIM_OC_DelayElapsedCallback
                0x0000000008003d96       0x14 ./Drivers/STM32F4xx_HAL_Driver/Src/stm32f4xx_hal_tim.o
                0x0000000008003d96                HAL_TIM_OC_DelayElapsedCallback
 .text.HAL_TIM_IC_CaptureCallback
                0x0000000008003daa       0x14 ./Drivers/STM32F4xx_HAL_Driver/Src/stm32f4xx_hal_tim.o
                0x0000000008003daa                HAL_TIM_IC_CaptureCallback
 .text.HAL_TIM_PWM_PulseFinishedCallback
                0x0000000008003dbe       0x14 ./Drivers/STM32F4xx_HAL_Driver/Src/stm32f4xx_hal_tim.o
                0x0000000008003dbe                HAL_TIM_PWM_PulseFinishedCallback
 .text.HAL_TIM_TriggerCallback
                0x0000000008003dd2       0x14 ./Drivers/STM32F4xx_HAL_Driver/Src/stm32f4xx_hal_tim.o
                0x0000000008003dd2                HAL_TIM_TriggerCallback
 *fill*         0x0000000008003de6        0x2 
 .text.TIM_Base_SetConfig
                0x0000000008003de8      0x158 ./Drivers/STM32F4xx_HAL_Driver/Src/stm32f4xx_hal_tim.o
                0x0000000008003de8                TIM_Base_SetConfig
 .text.TIM_TI1_ConfigInputStage
                0x0000000008003f40       0x5e ./Drivers/STM32F4xx_HAL_Driver/Src/stm32f4xx_hal_tim.o
 .text.TIM_TI2_ConfigInputStage
                0x0000000008003f9e       0x60 ./Drivers/STM32F4xx_HAL_Driver/Src/stm32f4xx_hal_tim.o
 .text.TIM_ITRx_SetConfig
                0x0000000008003ffe       0x36 ./Drivers/STM32F4xx_HAL_Driver/Src/stm32f4xx_hal_tim.o
 .text.TIM_ETR_SetConfig
                0x0000000008004034       0x40 ./Drivers/STM32F4xx_HAL_Driver/Src/stm32f4xx_hal_tim.o
                0x0000000008004034                TIM_ETR_SetConfig
 .text.HAL_TIMEx_MasterConfigSynchronization
                0x0000000008004074       0xf8 ./Drivers/STM32F4xx_HAL_Driver/Src/stm32f4xx_hal_tim_ex.o
                0x0000000008004074                HAL_TIMEx_MasterConfigSynchronization
 .text.HAL_TIMEx_CommutCallback
                0x000000000800416c       0x14 ./Drivers/STM32F4xx_HAL_Driver/Src/stm32f4xx_hal_tim_ex.o
                0x000000000800416c                HAL_TIMEx_CommutCallback
 .text.HAL_TIMEx_BreakCallback
                0x0000000008004180       0x14 ./Drivers/STM32F4xx_HAL_Driver/Src/stm32f4xx_hal_tim_ex.o
                0x0000000008004180                HAL_TIMEx_BreakCallback
 .text.HAL_UART_Init
                0x0000000008004194       0xa0 ./Drivers/STM32F4xx_HAL_Driver/Src/stm32f4xx_hal_uart.o
                0x0000000008004194                HAL_UART_Init
 .text.HAL_UART_Transmit
                0x0000000008004234      0x116 ./Drivers/STM32F4xx_HAL_Driver/Src/stm32f4xx_hal_uart.o
                0x0000000008004234                HAL_UART_Transmit
 *fill*         0x000000000800434a        0x2 
 .text.HAL_UART_IRQHandler
                0x000000000800434c      0x524 ./Drivers/STM32F4xx_HAL_Driver/Src/stm32f4xx_hal_uart.o
                0x000000000800434c                HAL_UART_IRQHandler
 .text.HAL_UART_TxCpltCallback
                0x0000000008004870       0x14 ./Drivers/STM32F4xx_HAL_Driver/Src/stm32f4xx_hal_uart.o
                0x0000000008004870                HAL_UART_TxCpltCallback
 .text.HAL_UART_RxCpltCallback
                0x0000000008004884       0x14 ./Drivers/STM32F4xx_HAL_Driver/Src/stm32f4xx_hal_uart.o
                0x0000000008004884                HAL_UART_RxCpltCallback
 .text.HAL_UART_ErrorCallback
                0x0000000008004898       0x14 ./Drivers/STM32F4xx_HAL_Driver/Src/stm32f4xx_hal_uart.o
                0x0000000008004898                HAL_UART_ErrorCallback
 .text.HAL_UARTEx_RxEventCallback
                0x00000000080048ac       0x18 ./Drivers/STM32F4xx_HAL_Driver/Src/stm32f4xx_hal_uart.o
                0x00000000080048ac                HAL_UARTEx_RxEventCallback
 .text.UART_WaitOnFlagUntilTimeout
                0x00000000080048c4       0xb2 ./Drivers/STM32F4xx_HAL_Driver/Src/stm32f4xx_hal_uart.o
 .text.UART_EndRxTransfer
                0x0000000008004976       0xc6 ./Drivers/STM32F4xx_HAL_Driver/Src/stm32f4xx_hal_uart.o
 .text.UART_DMAAbortOnError
                0x0000000008004a3c       0x28 ./Drivers/STM32F4xx_HAL_Driver/Src/stm32f4xx_hal_uart.o
 .text.UART_Transmit_IT
                0x0000000008004a64       0xa0 ./Drivers/STM32F4xx_HAL_Driver/Src/stm32f4xx_hal_uart.o
 .text.UART_EndTransmit_IT
                0x0000000008004b04       0x30 ./Drivers/STM32F4xx_HAL_Driver/Src/stm32f4xx_hal_uart.o
 .text.UART_Receive_IT
                0x0000000008004b34      0x17c ./Drivers/STM32F4xx_HAL_Driver/Src/stm32f4xx_hal_uart.o
 .text.UART_SetConfig
                0x0000000008004cb0      0x4e8 ./Drivers/STM32F4xx_HAL_Driver/Src/stm32f4xx_hal_uart.o
 .text.USB_CoreInit
                0x0000000008005198       0xc8 ./Drivers/STM32F4xx_HAL_Driver/Src/stm32f4xx_ll_usb.o
                0x0000000008005198                USB_CoreInit
 .text.USB_DisableGlobalInt
                0x0000000008005260       0x22 ./Drivers/STM32F4xx_HAL_Driver/Src/stm32f4xx_ll_usb.o
                0x0000000008005260                USB_DisableGlobalInt
 .text.USB_SetCurrentMode
                0x0000000008005282       0x98 ./Drivers/STM32F4xx_HAL_Driver/Src/stm32f4xx_ll_usb.o
                0x0000000008005282                USB_SetCurrentMode
 *fill*         0x000000000800531a        0x2 
 .text.USB_DevInit
                0x000000000800531c      0x2c8 ./Drivers/STM32F4xx_HAL_Driver/Src/stm32f4xx_ll_usb.o
                0x000000000800531c                USB_DevInit
 .text.USB_FlushTxFifo
                0x00000000080055e4       0x64 ./Drivers/STM32F4xx_HAL_Driver/Src/stm32f4xx_ll_usb.o
                0x00000000080055e4                USB_FlushTxFifo
 .text.USB_FlushRxFifo
                0x0000000008005648       0x5c ./Drivers/STM32F4xx_HAL_Driver/Src/stm32f4xx_ll_usb.o
                0x0000000008005648                USB_FlushRxFifo
 .text.USB_SetDevSpeed
                0x00000000080056a4       0x32 ./Drivers/STM32F4xx_HAL_Driver/Src/stm32f4xx_ll_usb.o
                0x00000000080056a4                USB_SetDevSpeed
 .text.USB_DevDisconnect
                0x00000000080056d6       0x42 ./Drivers/STM32F4xx_HAL_Driver/Src/stm32f4xx_ll_usb.o
                0x00000000080056d6                USB_DevDisconnect
 .text.USB_GetMode
                0x0000000008005718       0x1c ./Drivers/STM32F4xx_HAL_Driver/Src/stm32f4xx_ll_usb.o
                0x0000000008005718                USB_GetMode
 .text.USB_CoreReset
                0x0000000008005734       0x62 ./Drivers/STM32F4xx_HAL_Driver/Src/stm32f4xx_ll_usb.o
 .text.memset   0x0000000008005796       0x10 C:/ST/STM32CubeIDE_1.14.1/STM32CubeIDE/plugins/com.st.stm32cube.ide.mcu.externaltools.gnu-tools-for-stm32.11.3.rel1.win32_1.1.100.202309141235/tools/bin/../lib/gcc/arm-none-eabi/11.3.1/../../../../arm-none-eabi/lib/thumb/v7e-m+fp/hard\libc_nano.a(libc_a-memset.o)
                0x0000000008005796                memset
 *fill*         0x00000000080057a6        0x2 
 .text.__libc_init_array
                0x00000000080057a8       0x48 C:/ST/STM32CubeIDE_1.14.1/STM32CubeIDE/plugins/com.st.stm32cube.ide.mcu.externaltools.gnu-tools-for-stm32.11.3.rel1.win32_1.1.100.202309141235/tools/bin/../lib/gcc/arm-none-eabi/11.3.1/../../../../arm-none-eabi/lib/thumb/v7e-m+fp/hard\libc_nano.a(libc_a-init.o)
                0x00000000080057a8                __libc_init_array
 .text.memcpy   0x00000000080057f0       0x1c C:/ST/STM32CubeIDE_1.14.1/STM32CubeIDE/plugins/com.st.stm32cube.ide.mcu.externaltools.gnu-tools-for-stm32.11.3.rel1.win32_1.1.100.202309141235/tools/bin/../lib/gcc/arm-none-eabi/11.3.1/../../../../arm-none-eabi/lib/thumb/v7e-m+fp/hard\libc_nano.a(libc_a-memcpy-stub.o)
                0x00000000080057f0                memcpy
 *(.glue_7)
 .glue_7        0x000000000800580c        0x0 linker stubs
 *(.glue_7t)
 .glue_7t       0x000000000800580c        0x0 linker stubs
 *(.eh_frame)
 .eh_frame      0x000000000800580c        0x0 C:/ST/STM32CubeIDE_1.14.1/STM32CubeIDE/plugins/com.st.stm32cube.ide.mcu.externaltools.gnu-tools-for-stm32.11.3.rel1.win32_1.1.100.202309141235/tools/bin/../lib/gcc/arm-none-eabi/11.3.1/thumb/v7e-m+fp/hard/crtbegin.o
 *(.init)
 .init          0x000000000800580c        0x4 C:/ST/STM32CubeIDE_1.14.1/STM32CubeIDE/plugins/com.st.stm32cube.ide.mcu.externaltools.gnu-tools-for-stm32.11.3.rel1.win32_1.1.100.202309141235/tools/bin/../lib/gcc/arm-none-eabi/11.3.1/thumb/v7e-m+fp/hard/crti.o
                0x000000000800580c                _init
 .init          0x0000000008005810        0x8 C:/ST/STM32CubeIDE_1.14.1/STM32CubeIDE/plugins/com.st.stm32cube.ide.mcu.externaltools.gnu-tools-for-stm32.11.3.rel1.win32_1.1.100.202309141235/tools/bin/../lib/gcc/arm-none-eabi/11.3.1/thumb/v7e-m+fp/hard/crtn.o
 *(.fini)
 .fini          0x0000000008005818        0x4 C:/ST/STM32CubeIDE_1.14.1/STM32CubeIDE/plugins/com.st.stm32cube.ide.mcu.externaltools.gnu-tools-for-stm32.11.3.rel1.win32_1.1.100.202309141235/tools/bin/../lib/gcc/arm-none-eabi/11.3.1/thumb/v7e-m+fp/hard/crti.o
                0x0000000008005818                _fini
 .fini          0x000000000800581c        0x8 C:/ST/STM32CubeIDE_1.14.1/STM32CubeIDE/plugins/com.st.stm32cube.ide.mcu.externaltools.gnu-tools-for-stm32.11.3.rel1.win32_1.1.100.202309141235/tools/bin/../lib/gcc/arm-none-eabi/11.3.1/thumb/v7e-m+fp/hard/crtn.o
                0x0000000008005824                . = ALIGN (0x4)
                0x0000000008005824                _etext = .

.vfp11_veneer   0x0000000008005824        0x0
 .vfp11_veneer  0x0000000008005824        0x0 linker stubs

.v4_bx          0x0000000008005824        0x0
 .v4_bx         0x0000000008005824        0x0 linker stubs

.iplt           0x0000000008005824        0x0
 .iplt          0x0000000008005824        0x0 C:/ST/STM32CubeIDE_1.14.1/STM32CubeIDE/plugins/com.st.stm32cube.ide.mcu.externaltools.gnu-tools-for-stm32.11.3.rel1.win32_1.1.100.202309141235/tools/bin/../lib/gcc/arm-none-eabi/11.3.1/thumb/v7e-m+fp/hard/crtbegin.o

.rodata         0x0000000008005824      0x218
                0x0000000008005824                . = ALIGN (0x4)
 *(.rodata)
 *(.rodata*)
 .rodata.AHBPrescTable
                0x0000000008005824       0x10 ./Core/Src/system_stm32f4xx.o
                0x0000000008005824                AHBPrescTable
 .rodata.APBPrescTable
                0x0000000008005834        0x8 ./Core/Src/system_stm32f4xx.o
                0x0000000008005834                APBPrescTable
 .rodata.table_crc_hi
                0x000000000800583c      0x100 ./Core/myDriver/modbus_ex/Src/modbus_crc16.o
 .rodata.table_crc_lo
                0x000000000800593c      0x100 ./Core/myDriver/modbus_ex/Src/modbus_crc16.o
                0x0000000008005a3c                . = ALIGN (0x4)

.ARM.extab      0x0000000008005a3c        0x0
                0x0000000008005a3c                . = ALIGN (0x4)
 *(.ARM.extab* .gnu.linkonce.armextab.*)
                0x0000000008005a3c                . = ALIGN (0x4)

.ARM            0x0000000008005a3c        0x8
                0x0000000008005a3c                . = ALIGN (0x4)
                0x0000000008005a3c                __exidx_start = .
 *(.ARM.exidx*)
 .ARM.exidx     0x0000000008005a3c        0x8 C:/ST/STM32CubeIDE_1.14.1/STM32CubeIDE/plugins/com.st.stm32cube.ide.mcu.externaltools.gnu-tools-for-stm32.11.3.rel1.win32_1.1.100.202309141235/tools/bin/../lib/gcc/arm-none-eabi/11.3.1/thumb/v7e-m+fp/hard\libgcc.a(_udivmoddi4.o)
                0x0000000008005a44                __exidx_end = .
                0x0000000008005a44                . = ALIGN (0x4)

.rel.dyn        0x0000000008005a44        0x0
 .rel.iplt      0x0000000008005a44        0x0 C:/ST/STM32CubeIDE_1.14.1/STM32CubeIDE/plugins/com.st.stm32cube.ide.mcu.externaltools.gnu-tools-for-stm32.11.3.rel1.win32_1.1.100.202309141235/tools/bin/../lib/gcc/arm-none-eabi/11.3.1/thumb/v7e-m+fp/hard/crtbegin.o

.preinit_array  0x0000000008005a44        0x0
                0x0000000008005a44                . = ALIGN (0x4)
                0x0000000008005a44                PROVIDE (__preinit_array_start = .)
 *(.preinit_array*)
                0x0000000008005a44                PROVIDE (__preinit_array_end = .)
                0x0000000008005a44                . = ALIGN (0x4)

.init_array     0x0000000008005a44        0x4
                0x0000000008005a44                . = ALIGN (0x4)
                0x0000000008005a44                PROVIDE (__init_array_start = .)
 *(SORT_BY_NAME(.init_array.*))
 *(.init_array*)
 .init_array    0x0000000008005a44        0x4 C:/ST/STM32CubeIDE_1.14.1/STM32CubeIDE/plugins/com.st.stm32cube.ide.mcu.externaltools.gnu-tools-for-stm32.11.3.rel1.win32_1.1.100.202309141235/tools/bin/../lib/gcc/arm-none-eabi/11.3.1/thumb/v7e-m+fp/hard/crtbegin.o
                0x0000000008005a48                PROVIDE (__init_array_end = .)
                0x0000000008005a48                . = ALIGN (0x4)

.fini_array     0x0000000008005a48        0x4
                0x0000000008005a48                . = ALIGN (0x4)
                [!provide]                        PROVIDE (__fini_array_start = .)
 *(SORT_BY_NAME(.fini_array.*))
 *(.fini_array*)
 .fini_array    0x0000000008005a48        0x4 C:/ST/STM32CubeIDE_1.14.1/STM32CubeIDE/plugins/com.st.stm32cube.ide.mcu.externaltools.gnu-tools-for-stm32.11.3.rel1.win32_1.1.100.202309141235/tools/bin/../lib/gcc/arm-none-eabi/11.3.1/thumb/v7e-m+fp/hard/crtbegin.o
                [!provide]                        PROVIDE (__fini_array_end = .)
                0x0000000008005a4c                . = ALIGN (0x4)
                0x0000000008005a4c                _sidata = LOADADDR (.data)

.data           0x0000000020000000        0xc load address 0x0000000008005a4c
                0x0000000020000000                . = ALIGN (0x4)
                0x0000000020000000                _sdata = .
 *(.data)
 *(.data*)
 .data.SystemCoreClock
                0x0000000020000000        0x4 ./Core/Src/system_stm32f4xx.o
                0x0000000020000000                SystemCoreClock
 .data.uwTickPrio
                0x0000000020000004        0x4 ./Drivers/STM32F4xx_HAL_Driver/Src/stm32f4xx_hal.o
                0x0000000020000004                uwTickPrio
 .data.uwTickFreq
                0x0000000020000008        0x1 ./Drivers/STM32F4xx_HAL_Driver/Src/stm32f4xx_hal.o
                0x0000000020000008                uwTickFreq
 *(.RamFunc)
 *(.RamFunc*)
                0x000000002000000c                . = ALIGN (0x4)
 *fill*         0x0000000020000009        0x3 
                0x000000002000000c                _edata = .
                0x0000000008005a58                _siccmram = LOADADDR (.ccmram)

.igot.plt       0x000000002000000c        0x0 load address 0x0000000008005a58
 .igot.plt      0x000000002000000c        0x0 C:/ST/STM32CubeIDE_1.14.1/STM32CubeIDE/plugins/com.st.stm32cube.ide.mcu.externaltools.gnu-tools-for-stm32.11.3.rel1.win32_1.1.100.202309141235/tools/bin/../lib/gcc/arm-none-eabi/11.3.1/thumb/v7e-m+fp/hard/crtbegin.o

.ccmram         0x0000000010000000        0x0 load address 0x0000000008005a58
                0x0000000010000000                . = ALIGN (0x4)
                0x0000000010000000                _sccmram = .
 *(.ccmram)
 *(.ccmram*)
                0x0000000010000000                . = ALIGN (0x4)
                0x0000000010000000                _eccmram = .
                0x0000000010000000                . = ALIGN (0x4)

.bss            0x000000002000000c     0x13e8
                0x000000002000000c                _sbss = .
                0x000000002000000c                __bss_start__ = _sbss
 *(.bss)
 .bss           0x000000002000000c       0x1c C:/ST/STM32CubeIDE_1.14.1/STM32CubeIDE/plugins/com.st.stm32cube.ide.mcu.externaltools.gnu-tools-for-stm32.11.3.rel1.win32_1.1.100.202309141235/tools/bin/../lib/gcc/arm-none-eabi/11.3.1/thumb/v7e-m+fp/hard/crtbegin.o
 *(.bss*)
 .bss.TxConfig  0x0000000020000028       0x38 ./Core/Src/main.o
                0x0000000020000028                TxConfig
 .bss.DMARxDscrTab
                0x0000000020000060       0xa0 ./Core/Src/main.o
                0x0000000020000060                DMARxDscrTab
 .bss.DMATxDscrTab
                0x0000000020000100       0xa0 ./Core/Src/main.o
                0x0000000020000100                DMATxDscrTab
 .bss.heth      0x00000000200001a0       0xb0 ./Core/Src/main.o
                0x00000000200001a0                heth
 .bss.htim2     0x0000000020000250       0x48 ./Core/Src/main.o
                0x0000000020000250                htim2
 .bss.huart2    0x0000000020000298       0x48 ./Core/Src/main.o
                0x0000000020000298                huart2
 .bss.huart3    0x00000000200002e0       0x48 ./Core/Src/main.o
                0x00000000200002e0                huart3
 .bss.hpcd_USB_OTG_FS
                0x0000000020000328      0x4e4 ./Core/Src/main.o
                0x0000000020000328                hpcd_USB_OTG_FS
 .bss.message1sTime
                0x000000002000080c        0xc ./Core/Src/main.o
                0x000000002000080c                message1sTime
 .bss.modbus    0x0000000020000818      0x360 ./Core/Src/main.o
                0x0000000020000818                modbus
 .bss.MACAddr.0
                0x0000000020000b78        0x6 ./Core/Src/main.o
 *fill*         0x0000000020000b7e        0x2 
 .bss.msTick    0x0000000020000b80        0x4 ./Core/Src/stm32f4xx_it.o
                0x0000000020000b80                msTick
 .bss.usart2In  0x0000000020000b84        0x4 ./Core/myDriver/Src/uart_ex.o
                0x0000000020000b84                usart2In
 .bss.usart2Out
                0x0000000020000b88        0x4 ./Core/myDriver/Src/uart_ex.o
                0x0000000020000b88                usart2Out
 .bss.usart2_InRb
                0x0000000020000b8c       0x10 ./Core/myDriver/Src/uart_qrbcom.o
                0x0000000020000b8c                usart2_InRb
 .bss.usart2_inRingBuffer
                0x0000000020000b9c      0x400 ./Core/myDriver/Src/uart_qrbcom.o
                0x0000000020000b9c                usart2_inRingBuffer
 .bss.usart2_OutRb
                0x0000000020000f9c       0x10 ./Core/myDriver/Src/uart_qrbcom.o
                0x0000000020000f9c                usart2_OutRb
 .bss.usart2_outRingBuffer
                0x0000000020000fac      0x400 ./Core/myDriver/Src/uart_qrbcom.o
                0x0000000020000fac                usart2_outRingBuffer
 .bss.uartComm  0x00000000200013ac        0xc ./Core/myDriver/Src/uart_qrbcom.o
                0x00000000200013ac                uartComm
 .bss.idleTime  0x00000000200013b8        0xc ./Core/myDriver/modbus_ex/Src/modbus_ex.o
                0x00000000200013b8                idleTime
 .bss.waitResponseTime
                0x00000000200013c4        0xc ./Core/myDriver/modbus_ex/Src/modbus_ex.o
                0x00000000200013c4                waitResponseTime
 .bss.errorTime
                0x00000000200013d0        0xc ./Core/myDriver/modbus_ex/Src/modbus_ex.o
                0x00000000200013d0                errorTime
 .bss.cikis10Durum
                0x00000000200013dc        0x1 ./Core/myDriver/modbus_ex/Src/modbus_ex.o
                0x00000000200013dc                cikis10Durum
 .bss.girisDurum1
                0x00000000200013dd        0x1 ./Core/myDriver/modbus_ex/Src/modbus_ex.o
                0x00000000200013dd                girisDurum1
 .bss.girisDurum2
                0x00000000200013de        0x1 ./Core/myDriver/modbus_ex/Src/modbus_ex.o
                0x00000000200013de                girisDurum2
 .bss.girisDurum3
                0x00000000200013df        0x1 ./Core/myDriver/modbus_ex/Src/modbus_ex.o
                0x00000000200013df                girisDurum3
 .bss.girisDurum4
                0x00000000200013e0        0x1 ./Core/myDriver/modbus_ex/Src/modbus_ex.o
                0x00000000200013e0                girisDurum4
 .bss.girisDurum5
                0x00000000200013e1        0x1 ./Core/myDriver/modbus_ex/Src/modbus_ex.o
                0x00000000200013e1                girisDurum5
 .bss.komut_durum
                0x00000000200013e2        0x1 ./Core/myDriver/modbus_ex/Src/modbus_ex.o
                0x00000000200013e2                komut_durum
 *fill*         0x00000000200013e3        0x1 
 .bss.analogValue
                0x00000000200013e4        0xa ./Core/myDriver/modbus_ex/Src/modbus_ex.o
                0x00000000200013e4                analogValue
 *fill*         0x00000000200013ee        0x2 
 .bss.uwTick    0x00000000200013f0        0x4 ./Drivers/STM32F4xx_HAL_Driver/Src/stm32f4xx_hal.o
                0x00000000200013f0                uwTick
 *(COMMON)
                0x00000000200013f4                . = ALIGN (0x4)
                0x00000000200013f4                _ebss = .
                0x00000000200013f4                __bss_end__ = _ebss

._user_heap_stack
                0x00000000200013f4      0x604
                0x00000000200013f8                . = ALIGN (0x8)
 *fill*         0x00000000200013f4        0x4 
                [!provide]                        PROVIDE (end = .)
                0x00000000200013f8                PROVIDE (_end = .)
                0x00000000200015f8                . = (. + _Min_Heap_Size)
 *fill*         0x00000000200013f8      0x200 
                0x00000000200019f8                . = (. + _Min_Stack_Size)
 *fill*         0x00000000200015f8      0x400 
                0x00000000200019f8                . = ALIGN (0x8)

/DISCARD/
 libc.a(*)
 libm.a(*)
 libgcc.a(*)

.ARM.attributes
                0x0000000000000000       0x30
 *(.ARM.attributes)
 .ARM.attributes
                0x0000000000000000       0x1e C:/ST/STM32CubeIDE_1.14.1/STM32CubeIDE/plugins/com.st.stm32cube.ide.mcu.externaltools.gnu-tools-for-stm32.11.3.rel1.win32_1.1.100.202309141235/tools/bin/../lib/gcc/arm-none-eabi/11.3.1/thumb/v7e-m+fp/hard/crti.o
 .ARM.attributes
                0x000000000000001e       0x34 C:/ST/STM32CubeIDE_1.14.1/STM32CubeIDE/plugins/com.st.stm32cube.ide.mcu.externaltools.gnu-tools-for-stm32.11.3.rel1.win32_1.1.100.202309141235/tools/bin/../lib/gcc/arm-none-eabi/11.3.1/thumb/v7e-m+fp/hard/crtbegin.o
 .ARM.attributes
                0x0000000000000052       0x34 ./Core/Src/main.o
 .ARM.attributes
                0x0000000000000086       0x34 ./Core/Src/stm32f4xx_hal_msp.o
 .ARM.attributes
                0x00000000000000ba       0x34 ./Core/Src/stm32f4xx_it.o
 .ARM.attributes
                0x00000000000000ee       0x34 ./Core/Src/system_stm32f4xx.o
 .ARM.attributes
                0x0000000000000122       0x21 ./Core/Startup/startup_stm32f439zitx.o
 .ARM.attributes
                0x0000000000000143       0x34 ./Core/myDriver/Src/RingBuffer.o
 .ARM.attributes
                0x0000000000000177       0x34 ./Core/myDriver/Src/uart_ex.o
 .ARM.attributes
                0x00000000000001ab       0x34 ./Core/myDriver/Src/uart_qrbcom.o
 .ARM.attributes
                0x00000000000001df       0x34 ./Core/myDriver/Timer_Ex/Src/timer_ex.o
 .ARM.attributes
                0x0000000000000213       0x34 ./Core/myDriver/modbus_ex/Src/modbus_crc16.o
 .ARM.attributes
                0x0000000000000247       0x34 ./Core/myDriver/modbus_ex/Src/modbus_ex.o
 .ARM.attributes
                0x000000000000027b       0x34 ./Drivers/STM32F4xx_HAL_Driver/Src/stm32f4xx_hal.o
 .ARM.attributes
                0x00000000000002af       0x34 ./Drivers/STM32F4xx_HAL_Driver/Src/stm32f4xx_hal_cortex.o
 .ARM.attributes
                0x00000000000002e3       0x34 ./Drivers/STM32F4xx_HAL_Driver/Src/stm32f4xx_hal_dma.o
 .ARM.attributes
                0x0000000000000317       0x34 ./Drivers/STM32F4xx_HAL_Driver/Src/stm32f4xx_hal_eth.o
 .ARM.attributes
                0x000000000000034b       0x34 ./Drivers/STM32F4xx_HAL_Driver/Src/stm32f4xx_hal_gpio.o
 .ARM.attributes
                0x000000000000037f       0x34 ./Drivers/STM32F4xx_HAL_Driver/Src/stm32f4xx_hal_pcd.o
 .ARM.attributes
                0x00000000000003b3       0x34 ./Drivers/STM32F4xx_HAL_Driver/Src/stm32f4xx_hal_rcc.o
 .ARM.attributes
                0x00000000000003e7       0x34 ./Drivers/STM32F4xx_HAL_Driver/Src/stm32f4xx_hal_tim.o
 .ARM.attributes
                0x000000000000041b       0x34 ./Drivers/STM32F4xx_HAL_Driver/Src/stm32f4xx_hal_tim_ex.o
 .ARM.attributes
                0x000000000000044f       0x34 ./Drivers/STM32F4xx_HAL_Driver/Src/stm32f4xx_hal_uart.o
 .ARM.attributes
                0x0000000000000483       0x34 ./Drivers/STM32F4xx_HAL_Driver/Src/stm32f4xx_ll_usb.o
 .ARM.attributes
                0x00000000000004b7       0x34 C:/ST/STM32CubeIDE_1.14.1/STM32CubeIDE/plugins/com.st.stm32cube.ide.mcu.externaltools.gnu-tools-for-stm32.11.3.rel1.win32_1.1.100.202309141235/tools/bin/../lib/gcc/arm-none-eabi/11.3.1/../../../../arm-none-eabi/lib/thumb/v7e-m+fp/hard\libc_nano.a(libc_a-memset.o)
 .ARM.attributes
                0x00000000000004eb       0x34 C:/ST/STM32CubeIDE_1.14.1/STM32CubeIDE/plugins/com.st.stm32cube.ide.mcu.externaltools.gnu-tools-for-stm32.11.3.rel1.win32_1.1.100.202309141235/tools/bin/../lib/gcc/arm-none-eabi/11.3.1/../../../../arm-none-eabi/lib/thumb/v7e-m+fp/hard\libc_nano.a(libc_a-init.o)
 .ARM.attributes
                0x000000000000051f       0x34 C:/ST/STM32CubeIDE_1.14.1/STM32CubeIDE/plugins/com.st.stm32cube.ide.mcu.externaltools.gnu-tools-for-stm32.11.3.rel1.win32_1.1.100.202309141235/tools/bin/../lib/gcc/arm-none-eabi/11.3.1/../../../../arm-none-eabi/lib/thumb/v7e-m+fp/hard\libc_nano.a(libc_a-memcpy-stub.o)
 .ARM.attributes
                0x0000000000000553       0x1e C:/ST/STM32CubeIDE_1.14.1/STM32CubeIDE/plugins/com.st.stm32cube.ide.mcu.externaltools.gnu-tools-for-stm32.11.3.rel1.win32_1.1.100.202309141235/tools/bin/../lib/gcc/arm-none-eabi/11.3.1/thumb/v7e-m+fp/hard\libgcc.a(_aeabi_uldivmod.o)
 .ARM.attributes
                0x0000000000000571       0x34 C:/ST/STM32CubeIDE_1.14.1/STM32CubeIDE/plugins/com.st.stm32cube.ide.mcu.externaltools.gnu-tools-for-stm32.11.3.rel1.win32_1.1.100.202309141235/tools/bin/../lib/gcc/arm-none-eabi/11.3.1/thumb/v7e-m+fp/hard\libgcc.a(_udivmoddi4.o)
 .ARM.attributes
                0x00000000000005a5       0x1e C:/ST/STM32CubeIDE_1.14.1/STM32CubeIDE/plugins/com.st.stm32cube.ide.mcu.externaltools.gnu-tools-for-stm32.11.3.rel1.win32_1.1.100.202309141235/tools/bin/../lib/gcc/arm-none-eabi/11.3.1/thumb/v7e-m+fp/hard\libgcc.a(_dvmd_tls.o)
 .ARM.attributes
                0x00000000000005c3       0x1e C:/ST/STM32CubeIDE_1.14.1/STM32CubeIDE/plugins/com.st.stm32cube.ide.mcu.externaltools.gnu-tools-for-stm32.11.3.rel1.win32_1.1.100.202309141235/tools/bin/../lib/gcc/arm-none-eabi/11.3.1/thumb/v7e-m+fp/hard/crtn.o
OUTPUT(ModbusMaster_v01.elf elf32-littlearm)
LOAD linker stubs
LOAD C:/ST/STM32CubeIDE_1.14.1/STM32CubeIDE/plugins/com.st.stm32cube.ide.mcu.externaltools.gnu-tools-for-stm32.11.3.rel1.win32_1.1.100.202309141235/tools/bin/../lib/gcc/arm-none-eabi/11.3.1/../../../../arm-none-eabi/lib/thumb/v7e-m+fp/hard\libc.a
LOAD C:/ST/STM32CubeIDE_1.14.1/STM32CubeIDE/plugins/com.st.stm32cube.ide.mcu.externaltools.gnu-tools-for-stm32.11.3.rel1.win32_1.1.100.202309141235/tools/bin/../lib/gcc/arm-none-eabi/11.3.1/../../../../arm-none-eabi/lib/thumb/v7e-m+fp/hard\libm.a
LOAD C:/ST/STM32CubeIDE_1.14.1/STM32CubeIDE/plugins/com.st.stm32cube.ide.mcu.externaltools.gnu-tools-for-stm32.11.3.rel1.win32_1.1.100.202309141235/tools/bin/../lib/gcc/arm-none-eabi/11.3.1/thumb/v7e-m+fp/hard\libgcc.a

.comment        0x0000000000000000       0x43
 .comment       0x0000000000000000       0x43 C:/ST/STM32CubeIDE_1.14.1/STM32CubeIDE/plugins/com.st.stm32cube.ide.mcu.externaltools.gnu-tools-for-stm32.11.3.rel1.win32_1.1.100.202309141235/tools/bin/../lib/gcc/arm-none-eabi/11.3.1/thumb/v7e-m+fp/hard/crtbegin.o
                                         0x44 (size before relaxing)
 .comment       0x0000000000000043       0x44 ./Core/Src/main.o
 .comment       0x0000000000000043       0x44 ./Core/Src/stm32f4xx_hal_msp.o
 .comment       0x0000000000000043       0x44 ./Core/Src/stm32f4xx_it.o
 .comment       0x0000000000000043       0x44 ./Core/Src/system_stm32f4xx.o
 .comment       0x0000000000000043       0x44 ./Core/myDriver/Src/RingBuffer.o
 .comment       0x0000000000000043       0x44 ./Core/myDriver/Src/uart_ex.o
 .comment       0x0000000000000043       0x44 ./Core/myDriver/Src/uart_qrbcom.o
 .comment       0x0000000000000043       0x44 ./Core/myDriver/Timer_Ex/Src/timer_ex.o
 .comment       0x0000000000000043       0x44 ./Core/myDriver/modbus_ex/Src/modbus_crc16.o
 .comment       0x0000000000000043       0x44 ./Core/myDriver/modbus_ex/Src/modbus_ex.o
 .comment       0x0000000000000043       0x44 ./Drivers/STM32F4xx_HAL_Driver/Src/stm32f4xx_hal.o
 .comment       0x0000000000000043       0x44 ./Drivers/STM32F4xx_HAL_Driver/Src/stm32f4xx_hal_cortex.o
 .comment       0x0000000000000043       0x44 ./Drivers/STM32F4xx_HAL_Driver/Src/stm32f4xx_hal_dma.o
 .comment       0x0000000000000043       0x44 ./Drivers/STM32F4xx_HAL_Driver/Src/stm32f4xx_hal_eth.o
 .comment       0x0000000000000043       0x44 ./Drivers/STM32F4xx_HAL_Driver/Src/stm32f4xx_hal_gpio.o
 .comment       0x0000000000000043       0x44 ./Drivers/STM32F4xx_HAL_Driver/Src/stm32f4xx_hal_pcd.o
 .comment       0x0000000000000043       0x44 ./Drivers/STM32F4xx_HAL_Driver/Src/stm32f4xx_hal_rcc.o
 .comment       0x0000000000000043       0x44 ./Drivers/STM32F4xx_HAL_Driver/Src/stm32f4xx_hal_tim.o
 .comment       0x0000000000000043       0x44 ./Drivers/STM32F4xx_HAL_Driver/Src/stm32f4xx_hal_tim_ex.o
 .comment       0x0000000000000043       0x44 ./Drivers/STM32F4xx_HAL_Driver/Src/stm32f4xx_hal_uart.o
 .comment       0x0000000000000043       0x44 ./Drivers/STM32F4xx_HAL_Driver/Src/stm32f4xx_ll_usb.o

.debug_info     0x0000000000000000    0x162cc
 .debug_info    0x0000000000000000     0x2364 ./Core/Src/main.o
 .debug_info    0x0000000000002364     0x1e1b ./Core/Src/stm32f4xx_hal_msp.o
 .debug_info    0x000000000000417f      0xa86 ./Core/Src/stm32f4xx_it.o
 .debug_info    0x0000000000004c05      0x52e ./Core/Src/system_stm32f4xx.o
 .debug_info    0x0000000000005133       0x23 ./Core/Startup/startup_stm32f439zitx.o
 .debug_info    0x0000000000005156      0x259 ./Core/myDriver/Src/RingBuffer.o
 .debug_info    0x00000000000053af      0x77a ./Core/myDriver/Src/uart_ex.o
 .debug_info    0x0000000000005b29      0x7b0 ./Core/myDriver/Src/uart_qrbcom.o
 .debug_info    0x00000000000062d9      0x194 ./Core/myDriver/Timer_Ex/Src/timer_ex.o
 .debug_info    0x000000000000646d      0x18e ./Core/myDriver/modbus_ex/Src/modbus_crc16.o
 .debug_info    0x00000000000065fb      0xf8d ./Core/myDriver/modbus_ex/Src/modbus_ex.o
 .debug_info    0x0000000000007588      0x9c0 ./Drivers/STM32F4xx_HAL_Driver/Src/stm32f4xx_hal.o
 .debug_info    0x0000000000007f48      0xd93 ./Drivers/STM32F4xx_HAL_Driver/Src/stm32f4xx_hal_cortex.o
 .debug_info    0x0000000000008cdb      0x8e7 ./Drivers/STM32F4xx_HAL_Driver/Src/stm32f4xx_hal_dma.o
 .debug_info    0x00000000000095c2     0x209d ./Drivers/STM32F4xx_HAL_Driver/Src/stm32f4xx_hal_eth.o
 .debug_info    0x000000000000b65f      0x6db ./Drivers/STM32F4xx_HAL_Driver/Src/stm32f4xx_hal_gpio.o
 .debug_info    0x000000000000bd3a     0x156f ./Drivers/STM32F4xx_HAL_Driver/Src/stm32f4xx_hal_pcd.o
 .debug_info    0x000000000000d2a9      0x8c9 ./Drivers/STM32F4xx_HAL_Driver/Src/stm32f4xx_hal_rcc.o
 .debug_info    0x000000000000db72     0x299d ./Drivers/STM32F4xx_HAL_Driver/Src/stm32f4xx_hal_tim.o
 .debug_info    0x000000000001050f     0x14db ./Drivers/STM32F4xx_HAL_Driver/Src/stm32f4xx_hal_tim_ex.o
 .debug_info    0x00000000000119ea     0x2f4f ./Drivers/STM32F4xx_HAL_Driver/Src/stm32f4xx_hal_uart.o
 .debug_info    0x0000000000014939     0x1993 ./Drivers/STM32F4xx_HAL_Driver/Src/stm32f4xx_ll_usb.o

.debug_abbrev   0x0000000000000000     0x2e72
 .debug_abbrev  0x0000000000000000      0x30f ./Core/Src/main.o
 .debug_abbrev  0x000000000000030f      0x274 ./Core/Src/stm32f4xx_hal_msp.o
 .debug_abbrev  0x0000000000000583      0x20d ./Core/Src/stm32f4xx_it.o
 .debug_abbrev  0x0000000000000790      0x11a ./Core/Src/system_stm32f4xx.o
 .debug_abbrev  0x00000000000008aa       0x12 ./Core/Startup/startup_stm32f439zitx.o
 .debug_abbrev  0x00000000000008bc      0x107 ./Core/myDriver/Src/RingBuffer.o
 .debug_abbrev  0x00000000000009c3      0x1d7 ./Core/myDriver/Src/uart_ex.o
 .debug_abbrev  0x0000000000000b9a      0x1ff ./Core/myDriver/Src/uart_qrbcom.o
 .debug_abbrev  0x0000000000000d99       0xef ./Core/myDriver/Timer_Ex/Src/timer_ex.o
 .debug_abbrev  0x0000000000000e88       0xd3 ./Core/myDriver/modbus_ex/Src/modbus_crc16.o
 .debug_abbrev  0x0000000000000f5b      0x299 ./Core/myDriver/modbus_ex/Src/modbus_ex.o
 .debug_abbrev  0x00000000000011f4      0x214 ./Drivers/STM32F4xx_HAL_Driver/Src/stm32f4xx_hal.o
 .debug_abbrev  0x0000000000001408      0x328 ./Drivers/STM32F4xx_HAL_Driver/Src/stm32f4xx_hal_cortex.o
 .debug_abbrev  0x0000000000001730      0x264 ./Drivers/STM32F4xx_HAL_Driver/Src/stm32f4xx_hal_dma.o
 .debug_abbrev  0x0000000000001994      0x2df ./Drivers/STM32F4xx_HAL_Driver/Src/stm32f4xx_hal_eth.o
 .debug_abbrev  0x0000000000001c73      0x1d4 ./Drivers/STM32F4xx_HAL_Driver/Src/stm32f4xx_hal_gpio.o
 .debug_abbrev  0x0000000000001e47      0x2b9 ./Drivers/STM32F4xx_HAL_Driver/Src/stm32f4xx_hal_pcd.o
 .debug_abbrev  0x0000000000002100      0x2b6 ./Drivers/STM32F4xx_HAL_Driver/Src/stm32f4xx_hal_rcc.o
 .debug_abbrev  0x00000000000023b6      0x278 ./Drivers/STM32F4xx_HAL_Driver/Src/stm32f4xx_hal_tim.o
 .debug_abbrev  0x000000000000262e      0x283 ./Drivers/STM32F4xx_HAL_Driver/Src/stm32f4xx_hal_tim_ex.o
 .debug_abbrev  0x00000000000028b1      0x30e ./Drivers/STM32F4xx_HAL_Driver/Src/stm32f4xx_hal_uart.o
 .debug_abbrev  0x0000000000002bbf      0x2b3 ./Drivers/STM32F4xx_HAL_Driver/Src/stm32f4xx_ll_usb.o

.debug_aranges  0x0000000000000000     0x1288
 .debug_aranges
                0x0000000000000000       0x60 ./Core/Src/main.o
 .debug_aranges
                0x0000000000000060       0x60 ./Core/Src/stm32f4xx_hal_msp.o
 .debug_aranges
                0x00000000000000c0       0x70 ./Core/Src/stm32f4xx_it.o
 .debug_aranges
                0x0000000000000130       0x28 ./Core/Src/system_stm32f4xx.o
 .debug_aranges
                0x0000000000000158       0x28 ./Core/Startup/startup_stm32f439zitx.o
 .debug_aranges
                0x0000000000000180       0x48 ./Core/myDriver/Src/RingBuffer.o
 .debug_aranges
                0x00000000000001c8       0x30 ./Core/myDriver/Src/uart_ex.o
 .debug_aranges
                0x00000000000001f8       0x28 ./Core/myDriver/Src/uart_qrbcom.o
 .debug_aranges
                0x0000000000000220       0x38 ./Core/myDriver/Timer_Ex/Src/timer_ex.o
 .debug_aranges
                0x0000000000000258       0x28 ./Core/myDriver/modbus_ex/Src/modbus_crc16.o
 .debug_aranges
                0x0000000000000280       0x70 ./Core/myDriver/modbus_ex/Src/modbus_ex.o
 .debug_aranges
                0x00000000000002f0      0x100 ./Drivers/STM32F4xx_HAL_Driver/Src/stm32f4xx_hal.o
 .debug_aranges
                0x00000000000003f0      0x120 ./Drivers/STM32F4xx_HAL_Driver/Src/stm32f4xx_hal_cortex.o
 .debug_aranges
                0x0000000000000510       0x90 ./Drivers/STM32F4xx_HAL_Driver/Src/stm32f4xx_hal_dma.o
 .debug_aranges
                0x00000000000005a0      0x1e0 ./Drivers/STM32F4xx_HAL_Driver/Src/stm32f4xx_hal_eth.o
 .debug_aranges
                0x0000000000000780       0x58 ./Drivers/STM32F4xx_HAL_Driver/Src/stm32f4xx_hal_gpio.o
 .debug_aranges
                0x00000000000007d8      0x148 ./Drivers/STM32F4xx_HAL_Driver/Src/stm32f4xx_hal_pcd.o
 .debug_aranges
                0x0000000000000920       0x88 ./Drivers/STM32F4xx_HAL_Driver/Src/stm32f4xx_hal_rcc.o
 .debug_aranges
                0x00000000000009a8      0x3d0 ./Drivers/STM32F4xx_HAL_Driver/Src/stm32f4xx_hal_tim.o
 .debug_aranges
                0x0000000000000d78      0x168 ./Drivers/STM32F4xx_HAL_Driver/Src/stm32f4xx_hal_tim_ex.o
 .debug_aranges
                0x0000000000000ee0      0x208 ./Drivers/STM32F4xx_HAL_Driver/Src/stm32f4xx_hal_uart.o
 .debug_aranges
                0x00000000000010e8      0x1a0 ./Drivers/STM32F4xx_HAL_Driver/Src/stm32f4xx_ll_usb.o

.debug_rnglists
                0x0000000000000000      0xe66
 .debug_rnglists
                0x0000000000000000       0x48 ./Core/Src/main.o
 .debug_rnglists
                0x0000000000000048       0x46 ./Core/Src/stm32f4xx_hal_msp.o
 .debug_rnglists
                0x000000000000008e       0x50 ./Core/Src/stm32f4xx_it.o
 .debug_rnglists
                0x00000000000000de       0x1a ./Core/Src/system_stm32f4xx.o
 .debug_rnglists
                0x00000000000000f8       0x19 ./Core/Startup/startup_stm32f439zitx.o
 .debug_rnglists
                0x0000000000000111       0x31 ./Core/myDriver/Src/RingBuffer.o
 .debug_rnglists
                0x0000000000000142       0x1f ./Core/myDriver/Src/uart_ex.o
 .debug_rnglists
                0x0000000000000161       0x19 ./Core/myDriver/Src/uart_qrbcom.o
 .debug_rnglists
                0x000000000000017a       0x25 ./Core/myDriver/Timer_Ex/Src/timer_ex.o
 .debug_rnglists
                0x000000000000019f       0x19 ./Core/myDriver/modbus_ex/Src/modbus_crc16.o
 .debug_rnglists
                0x00000000000001b8       0x52 ./Core/myDriver/modbus_ex/Src/modbus_ex.o
 .debug_rnglists
                0x000000000000020a       0xbb ./Drivers/STM32F4xx_HAL_Driver/Src/stm32f4xx_hal.o
 .debug_rnglists
                0x00000000000002c5       0xd4 ./Drivers/STM32F4xx_HAL_Driver/Src/stm32f4xx_hal_cortex.o
 .debug_rnglists
                0x0000000000000399       0x70 ./Drivers/STM32F4xx_HAL_Driver/Src/stm32f4xx_hal_dma.o
 .debug_rnglists
                0x0000000000000409      0x17c ./Drivers/STM32F4xx_HAL_Driver/Src/stm32f4xx_hal_eth.o
 .debug_rnglists
                0x0000000000000585       0x3f ./Drivers/STM32F4xx_HAL_Driver/Src/stm32f4xx_hal_gpio.o
 .debug_rnglists
                0x00000000000005c4       0xfa ./Drivers/STM32F4xx_HAL_Driver/Src/stm32f4xx_hal_pcd.o
 .debug_rnglists
                0x00000000000006be       0x66 ./Drivers/STM32F4xx_HAL_Driver/Src/stm32f4xx_hal_rcc.o
 .debug_rnglists
                0x0000000000000724      0x31a ./Drivers/STM32F4xx_HAL_Driver/Src/stm32f4xx_hal_tim.o
 .debug_rnglists
                0x0000000000000a3e      0x125 ./Drivers/STM32F4xx_HAL_Driver/Src/stm32f4xx_hal_tim_ex.o
 .debug_rnglists
                0x0000000000000b63      0x1bc ./Drivers/STM32F4xx_HAL_Driver/Src/stm32f4xx_hal_uart.o
 .debug_rnglists
                0x0000000000000d1f      0x147 ./Drivers/STM32F4xx_HAL_Driver/Src/stm32f4xx_ll_usb.o

.debug_macro    0x0000000000000000    0x26818
 .debug_macro   0x0000000000000000      0x3a7 ./Core/Src/main.o
 .debug_macro   0x00000000000003a7      0xaa8 ./Core/Src/main.o
 .debug_macro   0x0000000000000e4f      0x2a7 ./Core/Src/main.o
 .debug_macro   0x00000000000010f6       0x2e ./Core/Src/main.o
 .debug_macro   0x0000000000001124       0x28 ./Core/Src/main.o
 .debug_macro   0x000000000000114c       0x22 ./Core/Src/main.o
 .debug_macro   0x000000000000116e       0x8e ./Core/Src/main.o
 .debug_macro   0x00000000000011fc       0x51 ./Core/Src/main.o
 .debug_macro   0x000000000000124d      0x103 ./Core/Src/main.o
 .debug_macro   0x0000000000001350       0x6a ./Core/Src/main.o
 .debug_macro   0x00000000000013ba      0x1df ./Core/Src/main.o
 .debug_macro   0x0000000000001599       0x1c ./Core/Src/main.o
 .debug_macro   0x00000000000015b5       0x22 ./Core/Src/main.o
 .debug_macro   0x00000000000015d7       0xfb ./Core/Src/main.o
 .debug_macro   0x00000000000016d2     0x1011 ./Core/Src/main.o
 .debug_macro   0x00000000000026e3      0x11f ./Core/Src/main.o
 .debug_macro   0x0000000000002802    0x18622 ./Core/Src/main.o
 .debug_macro   0x000000000001ae24       0x6d ./Core/Src/main.o
 .debug_macro   0x000000000001ae91     0x3703 ./Core/Src/main.o
 .debug_macro   0x000000000001e594      0x174 ./Core/Src/main.o
 .debug_macro   0x000000000001e708       0x5c ./Core/Src/main.o
 .debug_macro   0x000000000001e764      0xd2a ./Core/Src/main.o
 .debug_macro   0x000000000001f48e      0x9e9 ./Core/Src/main.o
 .debug_macro   0x000000000001fe77      0x115 ./Core/Src/main.o
 .debug_macro   0x000000000001ff8c      0x156 ./Core/Src/main.o
 .debug_macro   0x00000000000200e2       0xa5 ./Core/Src/main.o
 .debug_macro   0x0000000000020187      0x182 ./Core/Src/main.o
 .debug_macro   0x0000000000020309      0x287 ./Core/Src/main.o
 .debug_macro   0x0000000000020590       0x5f ./Core/Src/main.o
 .debug_macro   0x00000000000205ef      0x236 ./Core/Src/main.o
 .debug_macro   0x0000000000020825      0xd44 ./Core/Src/main.o
 .debug_macro   0x0000000000021569      0x132 ./Core/Src/main.o
 .debug_macro   0x000000000002169b      0x41d ./Core/Src/main.o
 .debug_macro   0x0000000000021ab8       0x2e ./Core/Src/main.o
 .debug_macro   0x0000000000021ae6      0x127 ./Core/Src/main.o
 .debug_macro   0x0000000000021c0d       0xe2 ./Core/Src/main.o
 .debug_macro   0x0000000000021cef       0x89 ./Core/Src/main.o
 .debug_macro   0x0000000000021d78      0x8ed ./Core/Src/main.o
 .debug_macro   0x0000000000022665       0x4d ./Core/Src/main.o
 .debug_macro   0x00000000000226b2      0x2aa ./Core/Src/main.o
 .debug_macro   0x000000000002295c      0x293 ./Core/Src/main.o
 .debug_macro   0x0000000000022bef       0xba ./Core/Src/main.o
 .debug_macro   0x0000000000022ca9      0x134 ./Core/Src/main.o
 .debug_macro   0x0000000000022ddd      0x148 ./Core/Src/main.o
 .debug_macro   0x0000000000022f25       0x61 ./Core/Src/main.o
 .debug_macro   0x0000000000022f86       0x2a ./Core/Src/main.o
 .debug_macro   0x0000000000022fb0       0x43 ./Core/Src/main.o
 .debug_macro   0x0000000000022ff3       0x34 ./Core/Src/main.o
 .debug_macro   0x0000000000023027       0x16 ./Core/Src/main.o
 .debug_macro   0x000000000002303d       0x43 ./Core/Src/main.o
 .debug_macro   0x0000000000023080       0x34 ./Core/Src/main.o
 .debug_macro   0x00000000000230b4       0x10 ./Core/Src/main.o
 .debug_macro   0x00000000000230c4       0x58 ./Core/Src/main.o
 .debug_macro   0x000000000002311c       0x8e ./Core/Src/main.o
 .debug_macro   0x00000000000231aa       0x1c ./Core/Src/main.o
 .debug_macro   0x00000000000231c6      0x177 ./Core/Src/main.o
 .debug_macro   0x000000000002333d      0x369 ./Core/Src/main.o
 .debug_macro   0x00000000000236a6       0x10 ./Core/Src/main.o
 .debug_macro   0x00000000000236b6       0x35 ./Core/Src/main.o
 .debug_macro   0x00000000000236eb       0x20 ./Core/Src/main.o
 .debug_macro   0x000000000002370b       0x22 ./Core/Src/main.o
 .debug_macro   0x000000000002372d       0x1c ./Core/Src/main.o
 .debug_macro   0x0000000000023749       0x10 ./Core/Src/main.o
 .debug_macro   0x0000000000023759       0x1c ./Core/Src/main.o
 .debug_macro   0x0000000000023775       0x16 ./Core/Src/main.o
 .debug_macro   0x000000000002378b      0x147 ./Core/Src/main.o
 .debug_macro   0x00000000000238d2       0x10 ./Core/Src/main.o
 .debug_macro   0x00000000000238e2       0x4c ./Core/Src/main.o
 .debug_macro   0x000000000002392e       0x16 ./Core/Src/main.o
 .debug_macro   0x0000000000023944       0x16 ./Core/Src/main.o
 .debug_macro   0x000000000002395a       0x29 ./Core/Src/main.o
 .debug_macro   0x0000000000023983       0x10 ./Core/Src/main.o
 .debug_macro   0x0000000000023993      0x20b ./Core/Src/stm32f4xx_hal_msp.o
 .debug_macro   0x0000000000023b9e      0x390 ./Core/Src/stm32f4xx_it.o
 .debug_macro   0x0000000000023f2e       0x16 ./Core/Src/stm32f4xx_it.o
 .debug_macro   0x0000000000023f44       0x16 ./Core/Src/stm32f4xx_it.o
 .debug_macro   0x0000000000023f5a       0x16 ./Core/Src/stm32f4xx_it.o
 .debug_macro   0x0000000000023f70      0x1fc ./Core/Src/system_stm32f4xx.o
 .debug_macro   0x000000000002416c      0x153 ./Core/myDriver/Src/RingBuffer.o
 .debug_macro   0x00000000000242bf       0x97 ./Core/myDriver/Src/RingBuffer.o
 .debug_macro   0x0000000000024356       0xfd ./Core/myDriver/Src/RingBuffer.o
 .debug_macro   0x0000000000024453      0x305 ./Core/myDriver/Src/uart_ex.o
 .debug_macro   0x0000000000024758      0x388 ./Core/myDriver/Src/uart_qrbcom.o
 .debug_macro   0x0000000000024ae0       0x76 ./Core/myDriver/Timer_Ex/Src/timer_ex.o
 .debug_macro   0x0000000000024b56       0x6d ./Core/myDriver/modbus_ex/Src/modbus_crc16.o
 .debug_macro   0x0000000000024bc3      0x36e ./Core/myDriver/modbus_ex/Src/modbus_ex.o
 .debug_macro   0x0000000000024f31      0x19b ./Core/myDriver/modbus_ex/Src/modbus_ex.o
 .debug_macro   0x00000000000250cc      0x25c ./Drivers/STM32F4xx_HAL_Driver/Src/stm32f4xx_hal.o
 .debug_macro   0x0000000000025328      0x1fc ./Drivers/STM32F4xx_HAL_Driver/Src/stm32f4xx_hal_cortex.o
 .debug_macro   0x0000000000025524      0x202 ./Drivers/STM32F4xx_HAL_Driver/Src/stm32f4xx_hal_dma.o
 .debug_macro   0x0000000000025726      0x2d6 ./Drivers/STM32F4xx_HAL_Driver/Src/stm32f4xx_hal_eth.o
 .debug_macro   0x00000000000259fc      0x202 ./Drivers/STM32F4xx_HAL_Driver/Src/stm32f4xx_hal_gpio.o
 .debug_macro   0x0000000000025bfe      0x208 ./Drivers/STM32F4xx_HAL_Driver/Src/stm32f4xx_hal_pcd.o
 .debug_macro   0x0000000000025e06      0x220 ./Drivers/STM32F4xx_HAL_Driver/Src/stm32f4xx_hal_rcc.o
 .debug_macro   0x0000000000026026      0x1fd ./Drivers/STM32F4xx_HAL_Driver/Src/stm32f4xx_hal_tim.o
 .debug_macro   0x0000000000026223      0x1fc ./Drivers/STM32F4xx_HAL_Driver/Src/stm32f4xx_hal_tim_ex.o
 .debug_macro   0x000000000002641f      0x1fd ./Drivers/STM32F4xx_HAL_Driver/Src/stm32f4xx_hal_uart.o
 .debug_macro   0x000000000002661c      0x1fc ./Drivers/STM32F4xx_HAL_Driver/Src/stm32f4xx_ll_usb.o

.debug_line     0x0000000000000000    0x16a06
 .debug_line    0x0000000000000000      0xca0 ./Core/Src/main.o
 .debug_line    0x0000000000000ca0      0x95f ./Core/Src/stm32f4xx_hal_msp.o
 .debug_line    0x00000000000015ff      0xafb ./Core/Src/stm32f4xx_it.o
 .debug_line    0x00000000000020fa      0x82e ./Core/Src/system_stm32f4xx.o
 .debug_line    0x0000000000002928       0x7a ./Core/Startup/startup_stm32f439zitx.o
 .debug_line    0x00000000000029a2      0x6d0 ./Core/myDriver/Src/RingBuffer.o
 .debug_line    0x0000000000003072      0x9ec ./Core/myDriver/Src/uart_ex.o
 .debug_line    0x0000000000003a5e      0xa04 ./Core/myDriver/Src/uart_qrbcom.o
 .debug_line    0x0000000000004462      0x500 ./Core/myDriver/Timer_Ex/Src/timer_ex.o
 .debug_line    0x0000000000004962      0x4de ./Core/myDriver/modbus_ex/Src/modbus_crc16.o
 .debug_line    0x0000000000004e40     0x11e0 ./Core/myDriver/modbus_ex/Src/modbus_ex.o
 .debug_line    0x0000000000006020      0xaca ./Drivers/STM32F4xx_HAL_Driver/Src/stm32f4xx_hal.o
 .debug_line    0x0000000000006aea      0xd60 ./Drivers/STM32F4xx_HAL_Driver/Src/stm32f4xx_hal_cortex.o
 .debug_line    0x000000000000784a      0xff8 ./Drivers/STM32F4xx_HAL_Driver/Src/stm32f4xx_hal_dma.o
 .debug_line    0x0000000000008842     0x1a09 ./Drivers/STM32F4xx_HAL_Driver/Src/stm32f4xx_hal_eth.o
 .debug_line    0x000000000000a24b      0xc30 ./Drivers/STM32F4xx_HAL_Driver/Src/stm32f4xx_hal_gpio.o
 .debug_line    0x000000000000ae7b     0x1522 ./Drivers/STM32F4xx_HAL_Driver/Src/stm32f4xx_hal_pcd.o
 .debug_line    0x000000000000c39d      0xe0d ./Drivers/STM32F4xx_HAL_Driver/Src/stm32f4xx_hal_rcc.o
 .debug_line    0x000000000000d1aa     0x3820 ./Drivers/STM32F4xx_HAL_Driver/Src/stm32f4xx_hal_tim.o
 .debug_line    0x00000000000109ca     0x1a90 ./Drivers/STM32F4xx_HAL_Driver/Src/stm32f4xx_hal_tim_ex.o
 .debug_line    0x000000000001245a     0x2951 ./Drivers/STM32F4xx_HAL_Driver/Src/stm32f4xx_hal_uart.o
 .debug_line    0x0000000000014dab     0x1c5b ./Drivers/STM32F4xx_HAL_Driver/Src/stm32f4xx_ll_usb.o

.debug_str      0x0000000000000000    0xe655d
 .debug_str     0x0000000000000000    0xe0882 ./Core/Src/main.o
                                      0xe0d85 (size before relaxing)
 .debug_str     0x00000000000e0882      0x674 ./Core/Src/stm32f4xx_hal_msp.o
                                      0xdd08d (size before relaxing)
 .debug_str     0x00000000000e0ef6      0x193 ./Core/Src/stm32f4xx_it.o
                                      0xdfbe6 (size before relaxing)
 .debug_str     0x00000000000e1089       0xdb ./Core/Src/system_stm32f4xx.o
                                      0xdb563 (size before relaxing)
 .debug_str     0x00000000000e1164       0x34 ./Core/Startup/startup_stm32f439zitx.o
                                         0x5e (size before relaxing)
 .debug_str     0x00000000000e1198       0x6b ./Core/myDriver/Src/RingBuffer.o
                                       0x789f (size before relaxing)
 .debug_str     0x00000000000e1203       0x8e ./Core/myDriver/Src/uart_ex.o
                                      0xdf640 (size before relaxing)
 .debug_str     0x00000000000e1291       0xb1 ./Core/myDriver/Src/uart_qrbcom.o
                                      0xdf8e9 (size before relaxing)
 .debug_str     0x00000000000e1342       0x5a ./Core/myDriver/Timer_Ex/Src/timer_ex.o
                                       0x3e03 (size before relaxing)
 .debug_str     0x00000000000e139c       0x8b ./Core/myDriver/modbus_ex/Src/modbus_crc16.o
                                       0x3da6 (size before relaxing)
 .debug_str     0x00000000000e1427      0xb13 ./Core/myDriver/modbus_ex/Src/modbus_ex.o
                                      0xe0574 (size before relaxing)
 .debug_str     0x00000000000e1f3a      0x648 ./Drivers/STM32F4xx_HAL_Driver/Src/stm32f4xx_hal.o
                                      0xdc190 (size before relaxing)
 .debug_str     0x00000000000e2582      0x32e ./Drivers/STM32F4xx_HAL_Driver/Src/stm32f4xx_hal_cortex.o
                                      0xdbe8c (size before relaxing)
 .debug_str     0x00000000000e28b0      0x312 ./Drivers/STM32F4xx_HAL_Driver/Src/stm32f4xx_hal_dma.o
                                      0xdb96a (size before relaxing)
 .debug_str     0x00000000000e2bc2     0x11f2 ./Drivers/STM32F4xx_HAL_Driver/Src/stm32f4xx_hal_eth.o
                                      0xdcdfa (size before relaxing)
 .debug_str     0x00000000000e3db4       0xbd ./Drivers/STM32F4xx_HAL_Driver/Src/stm32f4xx_hal_gpio.o
                                      0xdb6de (size before relaxing)
 .debug_str     0x00000000000e3e71      0x7fc ./Drivers/STM32F4xx_HAL_Driver/Src/stm32f4xx_hal_pcd.o
                                      0xdc02e (size before relaxing)
 .debug_str     0x00000000000e466d      0x21f ./Drivers/STM32F4xx_HAL_Driver/Src/stm32f4xx_hal_rcc.o
                                      0xdb997 (size before relaxing)
 .debug_str     0x00000000000e488c      0xdbc ./Drivers/STM32F4xx_HAL_Driver/Src/stm32f4xx_hal_tim.o
                                      0xdc8da (size before relaxing)
 .debug_str     0x00000000000e5648      0x493 ./Drivers/STM32F4xx_HAL_Driver/Src/stm32f4xx_hal_tim_ex.o
                                      0xdc0e6 (size before relaxing)
 .debug_str     0x00000000000e5adb      0x5d7 ./Drivers/STM32F4xx_HAL_Driver/Src/stm32f4xx_hal_uart.o
                                      0xdbf65 (size before relaxing)
 .debug_str     0x00000000000e60b2      0x4ab ./Drivers/STM32F4xx_HAL_Driver/Src/stm32f4xx_ll_usb.o
                                      0xdbf09 (size before relaxing)

.debug_frame    0x0000000000000000     0x4ed0
 .debug_frame   0x0000000000000000      0x120 ./Core/Src/main.o
 .debug_frame   0x0000000000000120      0x158 ./Core/Src/stm32f4xx_hal_msp.o
 .debug_frame   0x0000000000000278      0x144 ./Core/Src/stm32f4xx_it.o
 .debug_frame   0x00000000000003bc       0x58 ./Core/Src/system_stm32f4xx.o
 .debug_frame   0x0000000000000414       0xf8 ./Core/myDriver/Src/RingBuffer.o
 .debug_frame   0x000000000000050c       0x80 ./Core/myDriver/Src/uart_ex.o
 .debug_frame   0x000000000000058c       0x68 ./Core/myDriver/Src/uart_qrbcom.o
 .debug_frame   0x00000000000005f4       0xac ./Core/myDriver/Timer_Ex/Src/timer_ex.o
 .debug_frame   0x00000000000006a0       0x60 ./Core/myDriver/modbus_ex/Src/modbus_crc16.o
 .debug_frame   0x0000000000000700      0x1a4 ./Core/myDriver/modbus_ex/Src/modbus_ex.o
 .debug_frame   0x00000000000008a4      0x3b4 ./Drivers/STM32F4xx_HAL_Driver/Src/stm32f4xx_hal.o
 .debug_frame   0x0000000000000c58      0x4b8 ./Drivers/STM32F4xx_HAL_Driver/Src/stm32f4xx_hal_cortex.o
 .debug_frame   0x0000000000001110      0x250 ./Drivers/STM32F4xx_HAL_Driver/Src/stm32f4xx_hal_dma.o
 .debug_frame   0x0000000000001360      0x898 ./Drivers/STM32F4xx_HAL_Driver/Src/stm32f4xx_hal_eth.o
 .debug_frame   0x0000000000001bf8      0x14c ./Drivers/STM32F4xx_HAL_Driver/Src/stm32f4xx_hal_gpio.o
 .debug_frame   0x0000000000001d44      0x5b8 ./Drivers/STM32F4xx_HAL_Driver/Src/stm32f4xx_hal_pcd.o
 .debug_frame   0x00000000000022fc      0x1f4 ./Drivers/STM32F4xx_HAL_Driver/Src/stm32f4xx_hal_rcc.o
 .debug_frame   0x00000000000024f0     0x11c0 ./Drivers/STM32F4xx_HAL_Driver/Src/stm32f4xx_hal_tim.o
 .debug_frame   0x00000000000036b0      0x638 ./Drivers/STM32F4xx_HAL_Driver/Src/stm32f4xx_hal_tim_ex.o
 .debug_frame   0x0000000000003ce8      0x954 ./Drivers/STM32F4xx_HAL_Driver/Src/stm32f4xx_hal_uart.o
 .debug_frame   0x000000000000463c      0x7c0 ./Drivers/STM32F4xx_HAL_Driver/Src/stm32f4xx_ll_usb.o
 .debug_frame   0x0000000000004dfc       0x20 C:/ST/STM32CubeIDE_1.14.1/STM32CubeIDE/plugins/com.st.stm32cube.ide.mcu.externaltools.gnu-tools-for-stm32.11.3.rel1.win32_1.1.100.202309141235/tools/bin/../lib/gcc/arm-none-eabi/11.3.1/../../../../arm-none-eabi/lib/thumb/v7e-m+fp/hard\libc_nano.a(libc_a-memset.o)
 .debug_frame   0x0000000000004e1c       0x2c C:/ST/STM32CubeIDE_1.14.1/STM32CubeIDE/plugins/com.st.stm32cube.ide.mcu.externaltools.gnu-tools-for-stm32.11.3.rel1.win32_1.1.100.202309141235/tools/bin/../lib/gcc/arm-none-eabi/11.3.1/../../../../arm-none-eabi/lib/thumb/v7e-m+fp/hard\libc_nano.a(libc_a-init.o)
 .debug_frame   0x0000000000004e48       0x28 C:/ST/STM32CubeIDE_1.14.1/STM32CubeIDE/plugins/com.st.stm32cube.ide.mcu.externaltools.gnu-tools-for-stm32.11.3.rel1.win32_1.1.100.202309141235/tools/bin/../lib/gcc/arm-none-eabi/11.3.1/../../../../arm-none-eabi/lib/thumb/v7e-m+fp/hard\libc_nano.a(libc_a-memcpy-stub.o)
 .debug_frame   0x0000000000004e70       0x2c C:/ST/STM32CubeIDE_1.14.1/STM32CubeIDE/plugins/com.st.stm32cube.ide.mcu.externaltools.gnu-tools-for-stm32.11.3.rel1.win32_1.1.100.202309141235/tools/bin/../lib/gcc/arm-none-eabi/11.3.1/thumb/v7e-m+fp/hard\libgcc.a(_aeabi_uldivmod.o)
 .debug_frame   0x0000000000004e9c       0x34 C:/ST/STM32CubeIDE_1.14.1/STM32CubeIDE/plugins/com.st.stm32cube.ide.mcu.externaltools.gnu-tools-for-stm32.11.3.rel1.win32_1.1.100.202309141235/tools/bin/../lib/gcc/arm-none-eabi/11.3.1/thumb/v7e-m+fp/hard\libgcc.a(_udivmoddi4.o)

.debug_line_str
                0x0000000000000000       0x52
 .debug_line_str
                0x0000000000000000       0x52 ./Core/Startup/startup_stm32f439zitx.o
                                         0x6a (size before relaxing)
